 
****************************************
Report : area
Design : System_Top
Version: O-2018.06-SP1
Date   : Thu Aug 20 22:51:33 2026
****************************************

Library(s) Used:

    scmetro_tsmc_cl013g_rvt_ss_1p08v_125c (File: /home/ICer/Labs/Lab_Syn_4.0/std_cells/scmetro_tsmc_cl013g_rvt_ss_1p08v_125c.db)

Number of ports:                           79
Number of nets:                           633
Number of cells:                          563
Number of combinational cells:            371
Number of sequential cells:               186
Number of macros/black boxes:               0
Number of buf/inv:                         48
Number of references:                       7

Combinational area:               2556.969173
Buf/Inv area:                      174.151605
Noncombinational area:            4877.421452
Macro/Black Box area:                0.000000
Net Interconnect area:      undefined  (No wire load specified)

Total cell area:                  7434.390625
Total area:                 undefined

Hierarchical area distribution
------------------------------

                                  Global cell area          Local cell area
                                  ------------------  ---------------------------- 
Hierarchical cell                 Absolute   Percent  Combi-     Noncombi-  Black-
                                  Total      Total    national   national   boxes   Design
--------------------------------  ---------  -------  ---------  ---------  ------  ----------
System_Top                        7434.3906    100.0     7.0602     0.0000  0.0000  System_Top
U0_CRC                             616.5908      8.3   218.8662   397.7246  0.0000  CRC
U0_DATA_SYNC                       395.3712      5.3    84.7224   310.6488  0.0000  DATA_SYNC
U0_RST_SYNC                         51.7748      0.7     0.0000    51.7748  0.0000  RST_SYNC_0
U0_RegFile                        5987.0496     80.5  2154.5378  3832.5119  0.0000  RegFile
U0_SER_2_PAR                       324.7692      4.4    91.7826   232.9866  0.0000  SER_2_PAR
U1_RST_SYNC                         51.7748      0.7     0.0000    51.7748  0.0000  RST_SYNC_1
--------------------------------  ---------  -------  ---------  ---------  ------  ----------
Total                                                 2556.9692  4877.4215  0.0000

1
