
                                 Formality (R)

               Version L-2016.03-SP1 for linux64 - Apr 13, 2016 

                    Copyright (c) 1988 - 2016 Synopsys, Inc.
   This software and the associated documentation are proprietary to Synopsys,
 Inc. This software may only be used in accordance with the terms and conditions
 of a written license agreement with Synopsys, Inc. All other use, reproduction,
            or distribution of this software is strictly prohibited.

  ** Highlights of Formality (R) Version L-2016.03 **
   - New alternate verification strategies for resolving inconclusive verifications
   - Automation for deploying alternate strategies
   - New command to export the mapping of reference to implementation registers
   - New capability to combine PG and low power information from db libraries with Verilog functional models

   * Please refer to the Formality Release Notes for details and additional enhancements

Build: 4031317
Hostname: IC_EDA (RHEL64)
Current time: Thu Aug 27 00:58:19 2026

Loading db file '/home/synopsys/Formality2016/libraries/syn/gtech.db'
###################################################################
########################### Variables #############################
###################################################################
set SSLIB "/home/ICer/Labs/Lab_Formal_3/std_cells/scmetro_tsmc_cl013g_rvt_ss_1p08v_125c.db"
/home/ICer/Labs/Lab_Formal_3/std_cells/scmetro_tsmc_cl013g_rvt_ss_1p08v_125c.db
set TTLIB "/home/ICer/Labs/Lab_Formal_3/std_cells/scmetro_tsmc_cl013g_rvt_tt_1p2v_25c.db"
/home/ICer/Labs/Lab_Formal_3/std_cells/scmetro_tsmc_cl013g_rvt_tt_1p2v_25c.db
set FFLIB "/home/ICer/Labs/Lab_Formal_3/std_cells/scmetro_tsmc_cl013g_rvt_ff_1p32v_m40c.db"
/home/ICer/Labs/Lab_Formal_3/std_cells/scmetro_tsmc_cl013g_rvt_ff_1p32v_m40c.db
###################################################################
############################ Guidance #############################
###################################################################
# Synopsys setup variable
set synopsys_auto_setup true
true
# Formality Setup File
set_svf "/home/ICer/Labs/Lab_Formal_3/dft/ALU.svf"
SVF set to '/home/ICer/Labs/Lab_Formal_3/dft/ALU.svf'.
1
###################################################################
###################### Reference Container ########################
###################################################################
# Read Reference Design Verilog Files
read_verilog -container Ref "/home/ICer/Labs/Lab_Formal_3/rtl/ALU_TOP.v"
No target library specified, default is WORK
Initializing DesignWare ...
Initialization Complete
Loading verilog file '/home/ICer/Labs/Lab_Formal_3/rtl/ALU_TOP.v'
Created container 'Ref'
Current container set to 'Ref'
1
read_verilog -container Ref "/home/ICer/Labs/Lab_Formal_3/rtl/ARITHMETIC_UNIT.v"
No target library specified, default is WORK
Loading verilog file '/home/ICer/Labs/Lab_Formal_3/rtl/ARITHMETIC_UNIT.v'
1
read_verilog -container Ref "/home/ICer/Labs/Lab_Formal_3/rtl/CMP_UNIT.v"
No target library specified, default is WORK
Loading verilog file '/home/ICer/Labs/Lab_Formal_3/rtl/CMP_UNIT.v'
1
read_verilog -container Ref "/home/ICer/Labs/Lab_Formal_3/rtl/Decoder.v"
No target library specified, default is WORK
Loading verilog file '/home/ICer/Labs/Lab_Formal_3/rtl/Decoder.v'
1
read_verilog -container Ref "/home/ICer/Labs/Lab_Formal_3/rtl/LOGIC_UNIT.v"
No target library specified, default is WORK
Loading verilog file '/home/ICer/Labs/Lab_Formal_3/rtl/LOGIC_UNIT.v'
1
read_verilog -container Ref "/home/ICer/Labs/Lab_Formal_3/rtl/mux2X1.v"
No target library specified, default is WORK
Loading verilog file '/home/ICer/Labs/Lab_Formal_3/rtl/mux2X1.v'
1
read_verilog -container Ref "/home/ICer/Labs/Lab_Formal_3/rtl/SHIFT_UNIT.v"
No target library specified, default is WORK
Loading verilog file '/home/ICer/Labs/Lab_Formal_3/rtl/SHIFT_UNIT.v'
1
# Read Reference technology libraries
read_db -container Ref [list $SSLIB $TTLIB $FFLIB]
Loading db file '/home/ICer/Labs/Lab_Formal_3/std_cells/scmetro_tsmc_cl013g_rvt_ss_1p08v_125c.db'
Loading db file '/home/ICer/Labs/Lab_Formal_3/std_cells/scmetro_tsmc_cl013g_rvt_tt_1p2v_25c.db'
Loading db file '/home/ICer/Labs/Lab_Formal_3/std_cells/scmetro_tsmc_cl013g_rvt_ff_1p32v_m40c.db'
1
# set the top Reference Design 
set_reference_design ALU_TOP
Reference design set to 'Ref:/WORK/ALU_TOP'
1
set_top ALU_TOP
Setting top design to 'Ref:/WORK/ALU_TOP'
Status:   Elaborating design ALU_TOP   ...  
Status:   Elaborating design mux2X1   ...  
Status:   Elaborating design Decoder   ...  
Status:   Elaborating design ARITHMETIC_UNIT  IN_DATA_WIDTH=16, OUT_DATA_WIDTH=32 ...  
Information: Created design named 'ARITHMETIC_UNIT_IN_DATA_WIDTH16_OUT_DATA_WIDTH32'. (FE-LINK-13)
Status:   Elaborating design LOGIC_UNIT  IN_DATA_WIDTH=16, OUT_DATA_WIDTH=16 ...  
Information: Created design named 'LOGIC_UNIT_IN_DATA_WIDTH16_OUT_DATA_WIDTH16'. (FE-LINK-13)
Status:   Elaborating design SHIFT_UNIT  IN_DATA_WIDTH=16, OUT_DATA_WIDTH=16 ...  
Information: Created design named 'SHIFT_UNIT_IN_DATA_WIDTH16_OUT_DATA_WIDTH16'. (FE-LINK-13)
Status:   Elaborating design CMP_UNIT  IN_DATA_WIDTH=16, OUT_DATA_WIDTH=3 ...  
Information: Created design named 'CMP_UNIT_IN_DATA_WIDTH16_OUT_DATA_WIDTH3'. (FE-LINK-13)
Status:  Implementing inferred operators...

************ Library Checking Summary ************
Warning:  3 unlinked power cell(s) with unread pg pins.
        Use 'report_libraries -defects all' for more details.
**************************************************

Top design successfully set to 'Ref:/WORK/ALU_TOP'
Reference design set to 'Ref:/WORK/ALU_TOP'
1
###################################################################
#################### Implementation Container #####################
###################################################################
# Read Implementation Design Files
read_ddc -container Imp "/home/ICer/Labs/Lab_Formal_3/dft/ALU_dft.ddc"
Loading ddc file '/home/ICer/Labs/Lab_Formal_3/dft/ALU_dft.ddc'
No target library specified, default is WORK
Created container 'Imp'
Current container set to 'Imp'
1
# Read Implementation technology libraries
read_db -container Imp [list $SSLIB $TTLIB $FFLIB]
Loading db file '/home/ICer/Labs/Lab_Formal_3/std_cells/scmetro_tsmc_cl013g_rvt_ss_1p08v_125c.db'
Loading db file '/home/ICer/Labs/Lab_Formal_3/std_cells/scmetro_tsmc_cl013g_rvt_tt_1p2v_25c.db'
Loading db file '/home/ICer/Labs/Lab_Formal_3/std_cells/scmetro_tsmc_cl013g_rvt_ff_1p32v_m40c.db'
1
# set the top Implementation Design
set_implementation_design ALU_TOP
Implementation design set to 'Imp:/WORK/ALU_TOP'
1
set_top ALU_TOP
Setting top design to 'Imp:/WORK/ALU_TOP'
Status:  Implementing inferred operators...

************ Library Checking Summary ************
Warning:  3 unlinked power cell(s) with unread pg pins.
        Use 'report_libraries -defects all' for more details.
**************************************************

Top design successfully set to 'Imp:/WORK/ALU_TOP'
Implementation design set to 'Imp:/WORK/ALU_TOP'
1
###################################################################
#################### Implementation Container #####################
###################################################################
########################## Don't verify ###########################
# do not verify scan in & scan out ports as a compare point as it is existed only after synthesis and not existed in the RTL
#scan in
set_dont_verify_points -type port Ref:/WORK/*/SI
Set don't verify point 'Ref:/WORK/ALU_TOP/SI'
1
set_dont_verify_points -type port Imp:/WORK/*/SI
Set don't verify point 'Imp:/WORK/ALU_TOP/SI'
1
#scan_out
set_dont_verify_points -type port Ref:/WORK/*/SO
Set don't verify point 'Ref:/WORK/ALU_TOP/SO'
1
set_dont_verify_points -type port Imp:/WORK/*/SO
Set don't verify point 'Imp:/WORK/ALU_TOP/SO'
1
############################### contants #####################################
# all atpg enable (test_mode, scan_enable) are zero during formal compare
#test_mode
set_constant Ref:/WORK/*/test_mode 0
Set 'Ref:/WORK/ALU_TOP/test_mode' to constant 0
1
set_constant Imp:/WORK/*/test_mode 0
Set 'Imp:/WORK/ALU_TOP/test_mode' to constant 0
1
#scan_enable
set_constant Ref:/WORK/*/SE 0
Set 'Ref:/WORK/ALU_TOP/SE' to constant 0
1
set_constant Imp:/WORK/*/SE 0
Set 'Imp:/WORK/ALU_TOP/SE' to constant 0
1
###################### Matching Compare points ####################
match
Reference design is 'Ref:/WORK/ALU_TOP'
Implementation design is 'Imp:/WORK/ALU_TOP'
Status:  Checking designs...
    Warning: 1 (23) undriven nets found in reference (implementation) design; see formality.log for list (FM-399)
Status:  Building verification models...
Status:  Processing Guide Commands...
    Set 'Ref:/WORK/ALU_TOP/SE' to constant 0    
    Set 'Imp:/WORK/ALU_TOP/SE' to constant 0    
    Set 'Ref:/WORK/ALU_TOP/test_mode' to constant 1    
    Set 'Imp:/WORK/ALU_TOP/test_mode' to constant 1    
    Set 'Imp:/WORK/ALU_TOP/SE' to constant 0    ; previous value was also 0
    Set 'Imp:/WORK/ALU_TOP/test_mode' to constant 1    ; previous value was also 1

***************************** Guidance Summary *****************************
                                         Status
Command                 Accepted   Rejected  Unsupported  Unprocessed  Total
----------------------------------------------------------------------------
environment         :          3          0          0          0          3
mark                :          6          0          0          0          6
multiplier          :          2          0          0          0          2
reg_constant        :          0          1          0          0          1
scan_input          :          2          0          0          0          2
transformation
   map              :          5          0          0          0          5
   share            :          0          1          0          0          1
uniquify            :          6          1          0          0          7

Note: If verification succeeds you can safely ignore unaccepted guidance commands.

SVF files read:
      /home/ICer/Labs/Lab_Formal_3/dft/ALU.svf

SVF files produced:
  /home/ICer/Labs/Lab_Formal_3/fm/formality_svf/
    svf.txt
****************************************************************************

Status:  Matching...
    
*********************************** Matching Results ***********************************    
 143 Compare points matched by name    
 0 Compare points matched by signature analysis    
 0 Compare points matched by topology    
 39 Matched primary inputs, black-box outputs    
 1(0) Unmatched reference(implementation) compare points    
 0(0) Unmatched reference(implementation) primary inputs, black-box outputs    
----------------------------------------------------------------------------------------    
Unmatched Objects                                                        REF        IMPL    
----------------------------------------------------------------------------------------    
 Registers                                                                 1           0    
   Constrained 0X                                                          1           0    
****************************************************************************************

1
######################### Run Verification ########################
set successful [verify]
Reference design is 'Ref:/WORK/ALU_TOP'
Implementation design is 'Imp:/WORK/ALU_TOP'
    
*********************************** Matching Results ***********************************    
 143 Compare points matched by name    
 0 Compare points matched by signature analysis    
 0 Compare points matched by topology    
 39 Matched primary inputs, black-box outputs    
 1(0) Unmatched reference(implementation) compare points    
 0(0) Unmatched reference(implementation) primary inputs, black-box outputs    
----------------------------------------------------------------------------------------    
Unmatched Objects                                                        REF        IMPL    
----------------------------------------------------------------------------------------    
 Registers                                                                 1           0    
   Constrained 0X                                                          1           0    
****************************************************************************************

Status:  Verifying...

***************************** Synopsys Auto Setup Summary ******************************

!!! Synopsys Auto Setup Mode was enabled. !!!
!!! Verification results are valid assuming the following setup constraints: !!!

### RTL Interpretation Setup
   set hdlin_ignore_parallel_case false
   set hdlin_ignore_full_case false
   set hdlin_error_on_mismatch_message false
   set hdlin_ignore_embedded_configuration true

### Undriven Signal Handling Setup
   set verification_set_undriven_signals synthesis

### Test Logic Setup
   set verification_verify_directly_undriven_output false
   Constants set on:
     ALU_TOP/SE
     ALU_TOP/test_mode
   For details see report_dont_verify_points and report_constants


For further details on Synopsys Auto Setup Mode: Type man synopsys_auto_setup
****************************************************************************************


********************************* Verification Results *********************************
Verification SUCCEEDED
   ATTENTION: synopsys_auto_setup mode was enabled.
              See Synopsys Auto Setup Summary for details.
----------------------------------------------------------
 Reference design: Ref:/WORK/ALU_TOP
 Implementation design: Imp:/WORK/ALU_TOP
 143 Passing compare points
----------------------------------------------------------------------------------------
Matched Compare Points     BBPin    Loop   BBNet     Cut    Port     DFF     LAT   TOTAL
----------------------------------------------------------------------------------------
Passing (equivalent)           0       0       0       0      72      71       0     143
Failing (not equivalent)       0       0       0       0       0       0       0       0
Not Compared
  Don't verify                 0       0       0       0       1       0       0       1
****************************************************************************************
1
if {!$successful} {
diagnose
analyze_points -failing
}
########################### Reporting ############################# 
report_passing_points > "passing_points.rpt"
report_failing_points > "failing_points.rpt"
report_aborted_points > "aborted_points.rpt"
report_unverified_points > "unverified_points.rpt"
########################### Start GUI ############################# 
start_gui
     1  source -echo -verbose fm_script.tcl
1
1
fm_shell (verify)> exit

Maximum memory usage for this session: 486316 KB
CPU usage for this session: 4.66 seconds
Current time: Thu Aug 27 00:58:29 2026
Elapsed time: 10 seconds

Thank you for using Formality (R)!
