 
****************************************
Report : area
Design : ALU_TOP
Version: O-2018.06-SP1
Date   : Thu Aug 27 00:54:42 2026
****************************************

Information: Updating design information... (UID-85)
Library(s) Used:

    scmetro_tsmc_cl013g_rvt_ss_1p08v_125c (File: /home/ICer/Labs/Lab_Formal_3/std_cells/scmetro_tsmc_cl013g_rvt_ss_1p08v_125c.db)

Number of ports:                          725
Number of nets:                          2616
Number of cells:                         1681
Number of combinational cells:           1588
Number of sequential cells:                80
Number of macros/black boxes:               0
Number of buf/inv:                        423
Number of references:                      21

Combinational area:              22066.655149
Buf/Inv area:                     4050.201358
Noncombinational area:            2339.279694
Macro/Black Box area:                0.000000
Net Interconnect area:          560702.832062

Total cell area:                 24405.934843
Total area:                     585108.766905

Hierarchical area distribution
------------------------------

                                  Global cell area            Local cell area
                                  -------------------  ----------------------------- 
Hierarchical cell                 Absolute    Percent  Combi-      Noncombi-  Black-
                                  Total       Total    national    national   boxes   Design
--------------------------------  ----------  -------  ----------  ---------  ------  ----------------------------
ALU_TOP                           24405.9348    100.0   2422.8252     0.0000  0.0000  ALU_TOP
U0                                   43.5379      0.2     43.5379     0.0000  0.0000  Decoder
U0_ARITHMETIC_UNIT                19168.4431     78.5    565.9927  1120.2184  0.0000  ARITHMETIC_UNIT_test_1
U0_ARITHMETIC_UNIT/add_51           481.2703      2.0    481.2703     0.0000  0.0000  ARITHMETIC_UNIT_DW01_add_0
U0_ARITHMETIC_UNIT/div_63          7337.9012     30.1   7337.9012     0.0000  0.0000  ARITHMETIC_UNIT_DW_div_uns_0
U0_ARITHMETIC_UNIT/mult_59         9126.4852     37.4   8573.4362     0.0000  0.0000  ARITHMETIC_UNIT_DW02_mult_0
U0_ARITHMETIC_UNIT/mult_59/FS_1     553.0490      2.3    553.0490     0.0000  0.0000  ARITHMETIC_UNIT_DW01_add_1
U0_ARITHMETIC_UNIT/sub_55           536.5752      2.2    536.5752     0.0000  0.0000  ARITHMETIC_UNIT_DW01_sub_0
U0_CMP_UNIT                         568.3461      2.3     44.7146    98.8428  0.0000  CMP_UNIT_test_1
U0_CMP_UNIT/r57                     424.7887      1.7    424.7887     0.0000  0.0000  CMP_UNIT_DW01_cmp6_0
U0_LOGIC_UNIT                      1226.1214      5.0    666.0122   560.1092  0.0000  LOGIC_UNIT_test_1
U0_SHIFT_UNIT                       949.5969      3.9    389.4877   560.1092  0.0000  SHIFT_UNIT_test_1
U0_mux2X1                            15.2971      0.1     15.2971     0.0000  0.0000  mux2X1_1
U1_mux2X1                            11.7670      0.0     11.7670     0.0000  0.0000  mux2X1_0
--------------------------------  ----------  -------  ----------  ---------  ------  ----------------------------
Total                                                  22066.6551  2339.2797  0.0000

1
