 
****************************************
Report : constraint
        -all_violators
Design : ALU_TOP
Version: O-2018.06-SP1
Date   : Thu Aug 27 00:54:43 2026
****************************************


   max_transition

                             Required        Actual
   Net                      Transition     Transition        Slack
   -----------------------------------------------------------------
   Shift_OUT[15]                1.50          37.46         -35.96  (VIOLATED)
       PIN :   U81/Y            1.50          37.46         -35.96  (VIOLATED)
   Arith_Flag                   1.50          37.46         -35.96  (VIOLATED)
       PIN :   U117/Y           1.50          37.46         -35.96  (VIOLATED)
   Arith_OUT[3]                 1.50          37.46         -35.96  (VIOLATED)
       PIN :   U127/Y           1.50          37.46         -35.96  (VIOLATED)
   Arith_OUT[4]                 1.50          37.46         -35.96  (VIOLATED)
       PIN :   U129/Y           1.50          37.46         -35.96  (VIOLATED)
   Arith_OUT[5]                 1.50          37.46         -35.96  (VIOLATED)
       PIN :   U131/Y           1.50          37.46         -35.96  (VIOLATED)
   Arith_OUT[6]                 1.50          37.46         -35.96  (VIOLATED)
       PIN :   U133/Y           1.50          37.46         -35.96  (VIOLATED)
   Arith_OUT[7]                 1.50          37.46         -35.96  (VIOLATED)
       PIN :   U135/Y           1.50          37.46         -35.96  (VIOLATED)
   Arith_OUT[8]                 1.50          37.46         -35.96  (VIOLATED)
       PIN :   U137/Y           1.50          37.46         -35.96  (VIOLATED)
   Arith_OUT[9]                 1.50          37.46         -35.96  (VIOLATED)
       PIN :   U139/Y           1.50          37.46         -35.96  (VIOLATED)
   Arith_OUT[10]                1.50          37.46         -35.96  (VIOLATED)
       PIN :   U141/Y           1.50          37.46         -35.96  (VIOLATED)
   Arith_OUT[11]                1.50          37.46         -35.96  (VIOLATED)
       PIN :   U143/Y           1.50          37.46         -35.96  (VIOLATED)
   Arith_OUT[12]                1.50          37.46         -35.96  (VIOLATED)
       PIN :   U145/Y           1.50          37.46         -35.96  (VIOLATED)
   Arith_OUT[13]                1.50          37.46         -35.96  (VIOLATED)
       PIN :   U147/Y           1.50          37.46         -35.96  (VIOLATED)
   Arith_OUT[14]                1.50          37.46         -35.96  (VIOLATED)
       PIN :   U149/Y           1.50          37.46         -35.96  (VIOLATED)
   Arith_OUT[15]                1.50          37.46         -35.96  (VIOLATED)
       PIN :   U151/Y           1.50          37.46         -35.96  (VIOLATED)
   Arith_OUT[16]                1.50          37.46         -35.96  (VIOLATED)
       PIN :   U153/Y           1.50          37.46         -35.96  (VIOLATED)
   Arith_OUT[17]                1.50          37.46         -35.96  (VIOLATED)
       PIN :   U155/Y           1.50          37.46         -35.96  (VIOLATED)
   Arith_OUT[18]                1.50          37.46         -35.96  (VIOLATED)
       PIN :   U157/Y           1.50          37.46         -35.96  (VIOLATED)
   Arith_OUT[19]                1.50          37.46         -35.96  (VIOLATED)
       PIN :   U159/Y           1.50          37.46         -35.96  (VIOLATED)
   Arith_OUT[20]                1.50          37.46         -35.96  (VIOLATED)
       PIN :   U161/Y           1.50          37.46         -35.96  (VIOLATED)
   Arith_OUT[21]                1.50          37.46         -35.96  (VIOLATED)
       PIN :   U163/Y           1.50          37.46         -35.96  (VIOLATED)
   Arith_OUT[22]                1.50          37.46         -35.96  (VIOLATED)
       PIN :   U165/Y           1.50          37.46         -35.96  (VIOLATED)
   Arith_OUT[23]                1.50          37.46         -35.96  (VIOLATED)
       PIN :   U167/Y           1.50          37.46         -35.96  (VIOLATED)
   Arith_OUT[24]                1.50          37.46         -35.96  (VIOLATED)
       PIN :   U169/Y           1.50          37.46         -35.96  (VIOLATED)
   Arith_OUT[25]                1.50          37.46         -35.96  (VIOLATED)
       PIN :   U171/Y           1.50          37.46         -35.96  (VIOLATED)
   Arith_OUT[26]                1.50          37.46         -35.96  (VIOLATED)
       PIN :   U173/Y           1.50          37.46         -35.96  (VIOLATED)
   Arith_OUT[27]                1.50          37.46         -35.96  (VIOLATED)
       PIN :   U175/Y           1.50          37.46         -35.96  (VIOLATED)
   Arith_OUT[28]                1.50          37.46         -35.96  (VIOLATED)
       PIN :   U177/Y           1.50          37.46         -35.96  (VIOLATED)
   Arith_OUT[29]                1.50          37.46         -35.96  (VIOLATED)
       PIN :   U179/Y           1.50          37.46         -35.96  (VIOLATED)
   Arith_OUT[30]                1.50          37.46         -35.96  (VIOLATED)
       PIN :   U181/Y           1.50          37.46         -35.96  (VIOLATED)
   Arith_OUT[31]                1.50          37.46         -35.96  (VIOLATED)
       PIN :   U183/Y           1.50          37.46         -35.96  (VIOLATED)
   CMP_Flag                     1.50          37.46         -35.96  (VIOLATED)
       PIN :   U43/Y            1.50          37.46         -35.96  (VIOLATED)
   CMP_OUT[0]                   1.50          37.46         -35.96  (VIOLATED)
       PIN :   U45/Y            1.50          37.46         -35.96  (VIOLATED)
   CMP_OUT[1]                   1.50          37.46         -35.96  (VIOLATED)
       PIN :   U47/Y            1.50          37.46         -35.96  (VIOLATED)
   Carry_OUT                    1.50          37.46         -35.96  (VIOLATED)
       PIN :   U119/Y           1.50          37.46         -35.96  (VIOLATED)
   Logic_Flag                   1.50          37.46         -35.96  (VIOLATED)
       PIN :   U83/Y            1.50          37.46         -35.96  (VIOLATED)
   Logic_OUT[0]                 1.50          37.46         -35.96  (VIOLATED)
       PIN :   U85/Y            1.50          37.46         -35.96  (VIOLATED)
   Logic_OUT[1]                 1.50          37.46         -35.96  (VIOLATED)
       PIN :   U87/Y            1.50          37.46         -35.96  (VIOLATED)
   Logic_OUT[2]                 1.50          37.46         -35.96  (VIOLATED)
       PIN :   U89/Y            1.50          37.46         -35.96  (VIOLATED)
   Logic_OUT[3]                 1.50          37.46         -35.96  (VIOLATED)
       PIN :   U91/Y            1.50          37.46         -35.96  (VIOLATED)
   Logic_OUT[4]                 1.50          37.46         -35.96  (VIOLATED)
       PIN :   U93/Y            1.50          37.46         -35.96  (VIOLATED)
   Logic_OUT[5]                 1.50          37.46         -35.96  (VIOLATED)
       PIN :   U95/Y            1.50          37.46         -35.96  (VIOLATED)
   Logic_OUT[6]                 1.50          37.46         -35.96  (VIOLATED)
       PIN :   U97/Y            1.50          37.46         -35.96  (VIOLATED)
   Logic_OUT[7]                 1.50          37.46         -35.96  (VIOLATED)
       PIN :   U99/Y            1.50          37.46         -35.96  (VIOLATED)
   Logic_OUT[8]                 1.50          37.46         -35.96  (VIOLATED)
       PIN :   U101/Y           1.50          37.46         -35.96  (VIOLATED)
   Logic_OUT[9]                 1.50          37.46         -35.96  (VIOLATED)
       PIN :   U103/Y           1.50          37.46         -35.96  (VIOLATED)
   Logic_OUT[10]                1.50          37.46         -35.96  (VIOLATED)
       PIN :   U105/Y           1.50          37.46         -35.96  (VIOLATED)
   Logic_OUT[11]                1.50          37.46         -35.96  (VIOLATED)
       PIN :   U107/Y           1.50          37.46         -35.96  (VIOLATED)
   Logic_OUT[12]                1.50          37.46         -35.96  (VIOLATED)
       PIN :   U109/Y           1.50          37.46         -35.96  (VIOLATED)
   Logic_OUT[13]                1.50          37.46         -35.96  (VIOLATED)
       PIN :   U111/Y           1.50          37.46         -35.96  (VIOLATED)
   Logic_OUT[14]                1.50          37.46         -35.96  (VIOLATED)
       PIN :   U113/Y           1.50          37.46         -35.96  (VIOLATED)
   Logic_OUT[15]                1.50          37.46         -35.96  (VIOLATED)
       PIN :   U115/Y           1.50          37.46         -35.96  (VIOLATED)
   Shift_Flag                   1.50          37.46         -35.96  (VIOLATED)
       PIN :   U49/Y            1.50          37.46         -35.96  (VIOLATED)
   Shift_OUT[0]                 1.50          37.46         -35.96  (VIOLATED)
       PIN :   U51/Y            1.50          37.46         -35.96  (VIOLATED)
   Shift_OUT[1]                 1.50          37.46         -35.96  (VIOLATED)
       PIN :   U53/Y            1.50          37.46         -35.96  (VIOLATED)
   Shift_OUT[2]                 1.50          37.46         -35.96  (VIOLATED)
       PIN :   U55/Y            1.50          37.46         -35.96  (VIOLATED)
   Shift_OUT[3]                 1.50          37.46         -35.96  (VIOLATED)
       PIN :   U57/Y            1.50          37.46         -35.96  (VIOLATED)
   Shift_OUT[4]                 1.50          37.46         -35.96  (VIOLATED)
       PIN :   U59/Y            1.50          37.46         -35.96  (VIOLATED)
   Shift_OUT[5]                 1.50          37.46         -35.96  (VIOLATED)
       PIN :   U61/Y            1.50          37.46         -35.96  (VIOLATED)
   Shift_OUT[6]                 1.50          37.46         -35.96  (VIOLATED)
       PIN :   U63/Y            1.50          37.46         -35.96  (VIOLATED)
   Shift_OUT[7]                 1.50          37.46         -35.96  (VIOLATED)
       PIN :   U65/Y            1.50          37.46         -35.96  (VIOLATED)
   Shift_OUT[8]                 1.50          37.46         -35.96  (VIOLATED)
       PIN :   U67/Y            1.50          37.46         -35.96  (VIOLATED)
   Shift_OUT[9]                 1.50          37.46         -35.96  (VIOLATED)
       PIN :   U69/Y            1.50          37.46         -35.96  (VIOLATED)
   Shift_OUT[10]                1.50          37.46         -35.96  (VIOLATED)
       PIN :   U71/Y            1.50          37.46         -35.96  (VIOLATED)
   Shift_OUT[11]                1.50          37.46         -35.96  (VIOLATED)
       PIN :   U73/Y            1.50          37.46         -35.96  (VIOLATED)
   Shift_OUT[12]                1.50          37.46         -35.96  (VIOLATED)
       PIN :   U75/Y            1.50          37.46         -35.96  (VIOLATED)
   Shift_OUT[13]                1.50          37.46         -35.96  (VIOLATED)
       PIN :   U77/Y            1.50          37.46         -35.96  (VIOLATED)
   Shift_OUT[14]                1.50          37.46         -35.96  (VIOLATED)
       PIN :   U79/Y            1.50          37.46         -35.96  (VIOLATED)
   Arith_OUT[0]                 1.50          37.43         -35.93  (VIOLATED)
       PIN :   U121/Y           1.50          37.43         -35.93  (VIOLATED)
   Arith_OUT[1]                 1.50          37.43         -35.93  (VIOLATED)
       PIN :   U123/Y           1.50          37.43         -35.93  (VIOLATED)
   Arith_OUT[2]                 1.50          37.43         -35.93  (VIOLATED)
       PIN :   U125/Y           1.50          37.43         -35.93  (VIOLATED)

   -----------------------------------------------------------------
   Total                      71              -2553.06  

   max_capacitance

                             Required        Actual
   Net                      Capacitance    Capacitance       Slack
   -----------------------------------------------------------------
   Arith_Flag                   3.69          75.03         -71.34  (VIOLATED)
   Arith_OUT[0]                 3.69          75.03         -71.34  (VIOLATED)
   Arith_OUT[1]                 3.69          75.03         -71.34  (VIOLATED)
   Arith_OUT[2]                 3.69          75.03         -71.34  (VIOLATED)
   Arith_OUT[3]                 3.69          75.03         -71.34  (VIOLATED)
   Arith_OUT[4]                 3.69          75.03         -71.34  (VIOLATED)
   Arith_OUT[5]                 3.69          75.03         -71.34  (VIOLATED)
   Arith_OUT[6]                 3.69          75.03         -71.34  (VIOLATED)
   Arith_OUT[7]                 3.69          75.03         -71.34  (VIOLATED)
   Arith_OUT[8]                 3.69          75.03         -71.34  (VIOLATED)
   Arith_OUT[9]                 3.69          75.03         -71.34  (VIOLATED)
   Arith_OUT[10]                3.69          75.03         -71.34  (VIOLATED)
   Arith_OUT[11]                3.69          75.03         -71.34  (VIOLATED)
   Arith_OUT[12]                3.69          75.03         -71.34  (VIOLATED)
   Arith_OUT[13]                3.69          75.03         -71.34  (VIOLATED)
   Arith_OUT[14]                3.69          75.03         -71.34  (VIOLATED)
   Arith_OUT[15]                3.69          75.03         -71.34  (VIOLATED)
   Arith_OUT[16]                3.69          75.03         -71.34  (VIOLATED)
   Arith_OUT[17]                3.69          75.03         -71.34  (VIOLATED)
   Arith_OUT[18]                3.69          75.03         -71.34  (VIOLATED)
   Arith_OUT[19]                3.69          75.03         -71.34  (VIOLATED)
   Arith_OUT[20]                3.69          75.03         -71.34  (VIOLATED)
   Arith_OUT[21]                3.69          75.03         -71.34  (VIOLATED)
   Arith_OUT[22]                3.69          75.03         -71.34  (VIOLATED)
   Arith_OUT[23]                3.69          75.03         -71.34  (VIOLATED)
   Arith_OUT[24]                3.69          75.03         -71.34  (VIOLATED)
   Arith_OUT[25]                3.69          75.03         -71.34  (VIOLATED)
   Arith_OUT[26]                3.69          75.03         -71.34  (VIOLATED)
   Arith_OUT[27]                3.69          75.03         -71.34  (VIOLATED)
   Arith_OUT[28]                3.69          75.03         -71.34  (VIOLATED)
   Arith_OUT[29]                3.69          75.03         -71.34  (VIOLATED)
   Arith_OUT[30]                3.69          75.03         -71.34  (VIOLATED)
   Arith_OUT[31]                3.69          75.03         -71.34  (VIOLATED)
   CMP_Flag                     3.69          75.03         -71.34  (VIOLATED)
   CMP_OUT[0]                   3.69          75.03         -71.34  (VIOLATED)
   CMP_OUT[1]                   3.69          75.03         -71.34  (VIOLATED)
   CMP_OUT[2]                   3.69          75.03         -71.34  (VIOLATED)
   Carry_OUT                    3.69          75.03         -71.34  (VIOLATED)
   Logic_Flag                   3.69          75.03         -71.34  (VIOLATED)
   Logic_OUT[0]                 3.69          75.03         -71.34  (VIOLATED)
   Logic_OUT[1]                 3.69          75.03         -71.34  (VIOLATED)
   Logic_OUT[2]                 3.69          75.03         -71.34  (VIOLATED)
   Logic_OUT[3]                 3.69          75.03         -71.34  (VIOLATED)
   Logic_OUT[4]                 3.69          75.03         -71.34  (VIOLATED)
   Logic_OUT[5]                 3.69          75.03         -71.34  (VIOLATED)
   Logic_OUT[6]                 3.69          75.03         -71.34  (VIOLATED)
   Logic_OUT[7]                 3.69          75.03         -71.34  (VIOLATED)
   Logic_OUT[8]                 3.69          75.03         -71.34  (VIOLATED)
   Logic_OUT[9]                 3.69          75.03         -71.34  (VIOLATED)
   Logic_OUT[10]                3.69          75.03         -71.34  (VIOLATED)
   Logic_OUT[11]                3.69          75.03         -71.34  (VIOLATED)
   Logic_OUT[12]                3.69          75.03         -71.34  (VIOLATED)
   Logic_OUT[13]                3.69          75.03         -71.34  (VIOLATED)
   Logic_OUT[14]                3.69          75.03         -71.34  (VIOLATED)
   Logic_OUT[15]                3.69          75.03         -71.34  (VIOLATED)
   Shift_Flag                   3.69          75.03         -71.34  (VIOLATED)
   Shift_OUT[0]                 3.69          75.03         -71.34  (VIOLATED)
   Shift_OUT[1]                 3.69          75.03         -71.34  (VIOLATED)
   Shift_OUT[2]                 3.69          75.03         -71.34  (VIOLATED)
   Shift_OUT[3]                 3.69          75.03         -71.34  (VIOLATED)
   Shift_OUT[4]                 3.69          75.03         -71.34  (VIOLATED)
   Shift_OUT[5]                 3.69          75.03         -71.34  (VIOLATED)
   Shift_OUT[6]                 3.69          75.03         -71.34  (VIOLATED)
   Shift_OUT[7]                 3.69          75.03         -71.34  (VIOLATED)
   Shift_OUT[8]                 3.69          75.03         -71.34  (VIOLATED)
   Shift_OUT[9]                 3.69          75.03         -71.34  (VIOLATED)
   Shift_OUT[10]                3.69          75.03         -71.34  (VIOLATED)
   Shift_OUT[11]                3.69          75.03         -71.34  (VIOLATED)
   Shift_OUT[12]                3.69          75.03         -71.34  (VIOLATED)
   Shift_OUT[13]                3.69          75.03         -71.34  (VIOLATED)
   Shift_OUT[14]                3.69          75.03         -71.34  (VIOLATED)
   Shift_OUT[15]                3.69          75.03         -71.34  (VIOLATED)

   -----------------------------------------------------------------
   Total                      72              -5136.37  

1
