Loading db file '/home/ICer/Labs/Lab_Formal_3/std_cells/scmetro_tsmc_cl013g_rvt_ss_1p08v_125c.db'
Information: Propagating switching activity (low effort zero delay simulation). (PWR-6)
Warning: Design has unannotated primary inputs. (PWR-414)
Warning: Design has unannotated sequential cell outputs. (PWR-415)
 
****************************************
Report : power
        -hier
        -analysis_effort low
Design : ALU_TOP
Version: O-2018.06-SP1
Date   : Thu Aug 27 00:54:43 2026
****************************************


Library(s) Used:

    scmetro_tsmc_cl013g_rvt_ss_1p08v_125c (File: /home/ICer/Labs/Lab_Formal_3/std_cells/scmetro_tsmc_cl013g_rvt_ss_1p08v_125c.db)


Operating Conditions: scmetro_tsmc_cl013g_rvt_ss_1p08v_125c   Library: scmetro_tsmc_cl013g_rvt_ss_1p08v_125c
Wire Load Model Mode: top

Design        Wire Load Model            Library
------------------------------------------------
ALU_TOP                tsmc13_wl30       scmetro_tsmc_cl013g_rvt_ss_1p08v_125c


Global Operating Voltage = 1.08 
Power-specific unit information :
    Voltage Units = 1V
    Capacitance Units = 1.000000pf
    Time Units = 1ns
    Dynamic Power Units = 1mW    (derived from V,C,T units)
    Leakage Power Units = 1pW


--------------------------------------------------------------------------------
                                       Switch   Int      Leak     Total
Hierarchy                              Power    Power    Power    Power    %
--------------------------------------------------------------------------------
ALU_TOP                                   1.342 5.97e-02 2.29e+07    1.425 100.0
  U0_CMP_UNIT (CMP_UNIT_test_1)        3.18e-03 7.77e-04 3.41e+05 4.30e-03   0.3
    r57 (CMP_UNIT_DW01_cmp6_0)         2.85e-03 4.29e-04 2.75e+05 3.55e-03   0.2
  U0_SHIFT_UNIT (SHIFT_UNIT_test_1)    2.31e-03 1.98e-03 4.54e+05 4.75e-03   0.3
  U0_LOGIC_UNIT (LOGIC_UNIT_test_1)    3.65e-03 2.25e-03 6.42e+05 6.54e-03   0.5
  U0_ARITHMETIC_UNIT (ARITHMETIC_UNIT_test_1)
                                       8.99e-02 4.43e-02 1.84e+07    0.153  10.7
    mult_59 (ARITHMETIC_UNIT_DW02_mult_0)
                                       5.98e-02 2.36e-02 8.15e+06 9.16e-02   6.4
    add_51 (ARITHMETIC_UNIT_DW01_add_0)
                                       1.49e-03 1.07e-03 4.73e+05 3.04e-03   0.2
    sub_55 (ARITHMETIC_UNIT_DW01_sub_0)
                                       1.86e-03 1.14e-03 5.22e+05 3.53e-03   0.2
    div_63 (ARITHMETIC_UNIT_DW_div_uns_0)
                                       2.29e-02 1.44e-02 8.41e+06 4.57e-02   3.2
  U0 (Decoder)                         4.17e-04 4.24e-05 3.53e+04 4.95e-04   0.0
  U1_mux2X1 (mux2X1_0)                 2.88e-05 1.42e-05 1.26e+04 5.55e-05   0.0
  U0_mux2X1 (mux2X1_1)                 1.39e-02 3.26e-04 1.99e+04 1.42e-02   1.0
1
