
                           Design Compiler Graphical 
                                 DC Ultra (TM)
                                  DFTMAX (TM)
                              Power Compiler (TM)
                                 DesignWare (R)
                                 DC Expert (TM)
                               Design Vision (TM)
                               HDL Compiler (TM)
                               VHDL Compiler (TM)
                                  DFT Compiler
                               Design Compiler(R)

               Version O-2018.06-SP1 for linux64 - Jul 19, 2018 

                    Copyright (c) 1988 - 2018 Synopsys, Inc.
   This software and the associated documentation are proprietary to Synopsys,
 Inc. This software may only be used in accordance with the terms and conditions
 of a written license agreement with Synopsys, Inc. All other use, reproduction,
            or distribution of this software is strictly prohibited.
Initializing...
Initializing gui preferences from file  /home/ICer/.synopsys_dv_prefs.tcl
########################### Define Top Module ############################
set top_module alu8_top
alu8_top
##################### Define Working Library Directory ######################
define_design_lib work -path ./work
1
######################## Output Directories Setup ############################
file mkdir results_mul
file mkdir reports_mul
set RESULTS_DIR results_mul
results_mul
set REPORTS_DIR reports_mul
reports_mul
################## Design Compiler Library Files #setup ######################
lappend search_path /home/ICer/Labs/Lab_GLS_1.0/std_cells
. /home/synopsys/syn/O-2018.06-SP1/libraries/syn /home/synopsys/syn/O-2018.06-SP1/minpower/syn /home/synopsys/syn/O-2018.06-SP1/dw/syn_ver /home/synopsys/syn/O-2018.06-SP1/dw/sim_ver /home/ICer/Labs/Lab_GLS_1.0/std_cells
lappend search_path /home/ICer/Labs/Lab_GLS_1.0/rtl
. /home/synopsys/syn/O-2018.06-SP1/libraries/syn /home/synopsys/syn/O-2018.06-SP1/minpower/syn /home/synopsys/syn/O-2018.06-SP1/dw/syn_ver /home/synopsys/syn/O-2018.06-SP1/dw/sim_ver /home/ICer/Labs/Lab_GLS_1.0/std_cells /home/ICer/Labs/Lab_GLS_1.0/rtl
set SSLIB "scmetro_tsmc_cl013g_rvt_ss_1p08v_125c.db"
scmetro_tsmc_cl013g_rvt_ss_1p08v_125c.db
set TTLIB "scmetro_tsmc_cl013g_rvt_tt_1p2v_25c.db"
scmetro_tsmc_cl013g_rvt_tt_1p2v_25c.db
set FFLIB "scmetro_tsmc_cl013g_rvt_ff_1p32v_m40c.db"
scmetro_tsmc_cl013g_rvt_ff_1p32v_m40c.db
## Standard Cell libraries
set target_library [list $SSLIB $TTLIB $FFLIB]
scmetro_tsmc_cl013g_rvt_ss_1p08v_125c.db scmetro_tsmc_cl013g_rvt_tt_1p2v_25c.db scmetro_tsmc_cl013g_rvt_ff_1p32v_m40c.db
## Standard Cell & Hard Macros libraries
set link_library [list * $SSLIB $TTLIB $FFLIB]
* scmetro_tsmc_cl013g_rvt_ss_1p08v_125c.db scmetro_tsmc_cl013g_rvt_tt_1p2v_25c.db scmetro_tsmc_cl013g_rvt_ff_1p32v_m40c.db
#echo "###############################################"
#echo "############# Reading RTL Files  ##############"
#echo "###############################################"
set file_format verilog
verilog
read_file -format $file_format alu8_top.v
Loading db file '/home/ICer/Labs/Lab_GLS_1.0/std_cells/scmetro_tsmc_cl013g_rvt_ss_1p08v_125c.db'
Loading db file '/home/ICer/Labs/Lab_GLS_1.0/std_cells/scmetro_tsmc_cl013g_rvt_tt_1p2v_25c.db'
Loading db file '/home/ICer/Labs/Lab_GLS_1.0/std_cells/scmetro_tsmc_cl013g_rvt_ff_1p32v_m40c.db'
Loading db file '/home/synopsys/syn/O-2018.06-SP1/libraries/syn/gtech.db'
Loading db file '/home/synopsys/syn/O-2018.06-SP1/libraries/syn/standard.sldb'
  Loading link library 'scmetro_tsmc_cl013g_rvt_ss_1p08v_125c'
  Loading link library 'scmetro_tsmc_cl013g_rvt_tt_1p2v_25c'
  Loading link library 'scmetro_tsmc_cl013g_rvt_ff_1p32v_m40c'
  Loading link library 'gtech'
Loading verilog file '/home/ICer/Labs/Lab_GLS_1.0/rtl/alu8_top.v'
Detecting input file type automatically (-rtl or -netlist).
Reading with Presto HDL Compiler (equivalent to -rtl option).
Running PRESTO HDLC
Compiling source file /home/ICer/Labs/Lab_GLS_1.0/rtl/alu8_top.v
Warning:  /home/ICer/Labs/Lab_GLS_1.0/rtl/alu8_top.v:14: A unnamed generate block with an LRM-defined name 'genblk1' is detected, which is incompatible with Verilog standard 2001 or 1995. (VER-944)
Warning:  /home/ICer/Labs/Lab_GLS_1.0/rtl/alu8_top.v:14: A unnamed generate block with an LRM-defined name 'genblk1' is detected, which is incompatible with Verilog standard 2001 or 1995. (VER-944)
Presto compilation completed successfully.
Current design is now '/home/ICer/Labs/Lab_GLS_1.0/rtl/alu8_top.db:alu8_top'
Loaded 1 design.
Current design is 'alu8_top'.
alu8_top
read_file -format $file_format add_unit.v
Loading verilog file '/home/ICer/Labs/Lab_GLS_1.0/rtl/add_unit.v'
Detecting input file type automatically (-rtl or -netlist).
Reading with Presto HDL Compiler (equivalent to -rtl option).
Running PRESTO HDLC
Compiling source file /home/ICer/Labs/Lab_GLS_1.0/rtl/add_unit.v

Inferred memory devices in process
	in routine add_unit line 19 in file
		'/home/ICer/Labs/Lab_GLS_1.0/rtl/add_unit.v'.
===============================================================================
|    Register Name    |   Type    | Width | Bus | MB | AR | AS | SR | SS | ST |
===============================================================================
|     en_reg_reg      | Flip-flop |   1   |  N  | N  | Y  | N  | N  | N  | N  |
===============================================================================

Inferred memory devices in process
	in routine add_unit line 36 in file
		'/home/ICer/Labs/Lab_GLS_1.0/rtl/add_unit.v'.
===============================================================================
|    Register Name    |   Type    | Width | Bus | MB | AR | AS | SR | SS | ST |
===============================================================================
|      valid_reg      | Flip-flop |   1   |  N  | N  | Y  | N  | N  | N  | N  |
|      cout_reg       | Flip-flop |   1   |  N  | N  | Y  | N  | N  | N  | N  |
|       sum_reg       | Flip-flop |   8   |  Y  | N  | Y  | N  | N  | N  | N  |
===============================================================================
Presto compilation completed successfully.
Current design is now '/home/ICer/Labs/Lab_GLS_1.0/rtl/add_unit.db:add_unit'
Loaded 1 design.
Current design is 'add_unit'.
add_unit
read_file -format $file_format mult_unit.v
Loading verilog file '/home/ICer/Labs/Lab_GLS_1.0/rtl/mult_unit.v'
Detecting input file type automatically (-rtl or -netlist).
Reading with Presto HDL Compiler (equivalent to -rtl option).
Running PRESTO HDLC
Compiling source file /home/ICer/Labs/Lab_GLS_1.0/rtl/mult_unit.v

Inferred memory devices in process
	in routine mult_unit line 18 in file
		'/home/ICer/Labs/Lab_GLS_1.0/rtl/mult_unit.v'.
===============================================================================
|    Register Name    |   Type    | Width | Bus | MB | AR | AS | SR | SS | ST |
===============================================================================
|      b_reg_reg      | Flip-flop |   8   |  Y  | N  | Y  | N  | N  | N  | N  |
|     en_reg_reg      | Flip-flop |   1   |  N  | N  | Y  | N  | N  | N  | N  |
|      a_reg_reg      | Flip-flop |   8   |  Y  | N  | Y  | N  | N  | N  | N  |
===============================================================================

Inferred memory devices in process
	in routine mult_unit line 140 in file
		'/home/ICer/Labs/Lab_GLS_1.0/rtl/mult_unit.v'.
===============================================================================
|    Register Name    |   Type    | Width | Bus | MB | AR | AS | SR | SS | ST |
===============================================================================
|      valid_reg      | Flip-flop |   1   |  N  | N  | Y  | N  | N  | N  | N  |
|     product_reg     | Flip-flop |  16   |  Y  | N  | Y  | N  | N  | N  | N  |
===============================================================================
Presto compilation completed successfully.
Current design is now '/home/ICer/Labs/Lab_GLS_1.0/rtl/mult_unit.db:mult_unit'
Loaded 1 design.
Current design is 'mult_unit'.
mult_unit
###################### Defining toplevel ###################################
current_design $top_module
Current design is 'alu8_top'.
{alu8_top}
#################### Linking All The Design Parts #########################
puts "###############################################"
###############################################
puts "######## Linking All The Design Parts #########"
######## Linking All The Design Parts #########
puts "###############################################"
###############################################
link

  Linking design 'alu8_top'
  Using the following designs and libraries:
  --------------------------------------------------------------------------
  * (3 designs)               /home/ICer/Labs/Lab_GLS_1.0/rtl/alu8_top.db, etc
  scmetro_tsmc_cl013g_rvt_ss_1p08v_125c (library) /home/ICer/Labs/Lab_GLS_1.0/std_cells/scmetro_tsmc_cl013g_rvt_ss_1p08v_125c.db
  scmetro_tsmc_cl013g_rvt_tt_1p2v_25c (library) /home/ICer/Labs/Lab_GLS_1.0/std_cells/scmetro_tsmc_cl013g_rvt_tt_1p2v_25c.db
  scmetro_tsmc_cl013g_rvt_ff_1p32v_m40c (library) /home/ICer/Labs/Lab_GLS_1.0/std_cells/scmetro_tsmc_cl013g_rvt_ff_1p32v_m40c.db

1
#################### Checking Design Consistency ###########################
puts "###############################################"
###############################################
puts "######## checking design consistency ##########"
######## checking design consistency ##########
puts "###############################################"
###############################################
check_design > $REPORTS_DIR/check_design.rpt
############################### Path groups ################################
puts "###############################################"
###############################################
puts "################ Path groups ##################"
################ Path groups ##################
puts "###############################################"
###############################################
group_path -name INREG  -from [all_inputs]
1
group_path -name REGOUT -to   [all_outputs]
1
group_path -name INOUT  -from [all_inputs] -to [all_outputs]
1
#################### Define Design Constraints #########################
puts "###############################################"
###############################################
puts "############ Design Constraints #### ##########"
############ Design Constraints #### ##########
puts "###############################################"
###############################################
source -echo ./cons.tcl
####################################################################################
#########################################################
#### Section 1 : Clock Definition ####
#########################################################
#################################################################################### 
# 1. Master Clock Definitions 
# 2. Generated Clock Definitions
# 3. Clock Latencies
# 4. Clock Uncertainties
# 4. Clock Transitions
####################################################################################
set CLK_NAME MASTER_CLK
set CLK_PER 10
set CLK_SETUP_SKEW 0.2
set CLK_HOLD_SKEW 0.1
set CLK_LAT 0
set CLK_RISE 0.05
set CLK_FALL 0.05
create_clock -name $CLK_NAME -period $CLK_PER -waveform "0 [expr $CLK_PER/2]" [get_ports clk]
set_clock_uncertainty -setup $CLK_SETUP_SKEW [get_clocks $CLK_NAME]
set_clock_uncertainty -hold $CLK_HOLD_SKEW  [get_clocks $CLK_NAME]
set_clock_transition -rise $CLK_RISE  [get_clocks $CLK_NAME]
set_clock_transition -fall $CLK_FALL  [get_clocks $CLK_NAME]
set_clock_latency $CLK_LAT [get_clocks $CLK_NAME]
set_dont_touch_network clk
set_dont_touch_network rst_n
####################################################################################
#########################################################
#### Section 3 : set input/output delay on ports ####
set in_delay  [expr 0.2*$CLK_PER]
set out_delay [expr 0.2*$CLK_PER]
#Constrain Input Paths
set_input_delay $in_delay -clock MASTER_CLK [get_port en]
set_input_delay $in_delay -clock MASTER_CLK [get_port a]
set_input_delay $in_delay -clock MASTER_CLK [get_port b]
#Constrain Output Paths
set_output_delay $out_delay -clock MASTER_CLK [get_port result]
set_output_delay $out_delay -clock MASTER_CLK [get_port valid]
####################################################################################
#########################################################
#### Section 4 : Driving cells ####
#########################################################
####################################################################################
set_driving_cell -library scmetro_tsmc_cl013g_rvt_ss_1p08v_125c -lib_cell BUFX2M -pin Y [get_port en]
Warning: Design rule attributes from the driving cell will be
	set on the port. (UID-401)
set_driving_cell -library scmetro_tsmc_cl013g_rvt_ss_1p08v_125c -lib_cell BUFX2M -pin Y [get_port a]
Warning: Design rule attributes from the driving cell will be
	set on the port. (UID-401)
Warning: Design rule attributes from the driving cell will be
	set on the port. (UID-401)
Warning: Design rule attributes from the driving cell will be
	set on the port. (UID-401)
Warning: Design rule attributes from the driving cell will be
	set on the port. (UID-401)
Warning: Design rule attributes from the driving cell will be
	set on the port. (UID-401)
Warning: Design rule attributes from the driving cell will be
	set on the port. (UID-401)
Warning: Design rule attributes from the driving cell will be
	set on the port. (UID-401)
Warning: Design rule attributes from the driving cell will be
	set on the port. (UID-401)
set_driving_cell -library scmetro_tsmc_cl013g_rvt_ss_1p08v_125c -lib_cell BUFX2M -pin Y [get_port b]
Warning: Design rule attributes from the driving cell will be
	set on the port. (UID-401)
Warning: Design rule attributes from the driving cell will be
	set on the port. (UID-401)
Warning: Design rule attributes from the driving cell will be
	set on the port. (UID-401)
Warning: Design rule attributes from the driving cell will be
	set on the port. (UID-401)
Warning: Design rule attributes from the driving cell will be
	set on the port. (UID-401)
Warning: Design rule attributes from the driving cell will be
	set on the port. (UID-401)
Warning: Design rule attributes from the driving cell will be
	set on the port. (UID-401)
Warning: Design rule attributes from the driving cell will be
	set on the port. (UID-401)
####################################################################################
#########################################################
#### Section 5 : Output load ####
#########################################################
####################################################################################
set_load 0.5 [get_port result]
set_load 0.5 [get_port valid]
####################################################################################
#########################################################
#### Section 6 : Operating Condition ####
#########################################################
####################################################################################
# Define the Worst Library for Max(#setup) analysis
# Define the Best Library for Min(hold) analysis
set_operating_conditions -min_library "scmetro_tsmc_cl013g_rvt_ff_1p32v_m40c"                          -min "scmetro_tsmc_cl013g_rvt_ff_1p32v_m40c" 						 -max_library "scmetro_tsmc_cl013g_rvt_ss_1p08v_125c" 						 -max "scmetro_tsmc_cl013g_rvt_ss_1p08v_125c"
Using operating conditions 'scmetro_tsmc_cl013g_rvt_ss_1p08v_125c' found in library 'scmetro_tsmc_cl013g_rvt_ss_1p08v_125c'.
Using operating conditions 'scmetro_tsmc_cl013g_rvt_ff_1p32v_m40c' found in library 'scmetro_tsmc_cl013g_rvt_ff_1p32v_m40c'.
####################################################################################
#########################################################
#### Section 7 : wireload Model ####
#########################################################
####################################################################################
set_wire_load_model -name tsmc13_wl30 -library scmetro_tsmc_cl013g_rvt_ss_1p08v_125c
1
###################### Mapping and optimization ########################
puts "###############################################"
###############################################
puts "########## Mapping & Optimization #############"
########## Mapping & Optimization #############
puts "###############################################"
###############################################
compile -map_effort high
Information: Evaluating DesignWare library utilization. (UISN-27)

============================================================================
| DesignWare Building Block Library  |         Version         | Available |
============================================================================
| Basic DW Building Blocks           | O-2018.06-DWBB_201806.1 |     *     |
| Licensed DW Building Blocks        |                         |           |
============================================================================


Warning: Operating condition scmetro_tsmc_cl013g_rvt_ss_1p08v_125c set on design alu8_top has different process,
voltage and temperatures parameters than the parameters at which target library 
scmetro_tsmc_cl013g_rvt_tt_1p2v_25c is characterized. Delays may be inaccurate as a result. (OPT-998)

  Beginning Pass 1 Mapping
  ------------------------
  Processing 'mult_unit'
  Processing 'alu8_top'

  Updating timing information
Information: Updating design information... (UID-85)

  Beginning Implementation Selection
  ----------------------------------
  Processing 'mult_unit_DW01_add_0'
  Processing 'mult_unit_DW01_add_1'
  Processing 'mult_unit_DW01_add_2'
  Processing 'mult_unit_DW01_add_3'
  Processing 'mult_unit_DW01_add_4'
  Processing 'mult_unit_DW01_add_5'
  Processing 'mult_unit_DW01_add_6'

  Beginning Mapping Optimizations  (High effort)
  -------------------------------
Loading db file '/home/ICer/Labs/Lab_GLS_1.0/std_cells/scmetro_tsmc_cl013g_rvt_tt_1p2v_25c.db'
Loading db file '/home/ICer/Labs/Lab_GLS_1.0/std_cells/scmetro_tsmc_cl013g_rvt_ff_1p32v_m40c.db'

                                  TOTAL                                      
   ELAPSED            WORST NEG   SETUP    DESIGN                            
    TIME      AREA      SLACK     COST    RULE COST         ENDPOINT         
  --------- --------- --------- --------- --------- -------------------------
    0:00:05    6990.8      0.00       0.0       0.2                          
    0:00:05    6990.8      0.00       0.0       0.2                          
    0:00:05    6990.8      0.00       0.0       0.2                          
    0:00:05    6990.8      0.00       0.0       0.2                          
    0:00:05    6990.8      0.00       0.0       0.2                          
    0:00:05    3387.7      2.79       8.6       0.0                          
    0:00:05    3445.4      1.47       3.8       0.0                          
    0:00:05    3466.6      1.41       3.5       0.0                          
    0:00:06    3587.8      1.58       3.7       0.0                          
    0:00:06    3551.3      1.27       2.7       0.0                          
    0:00:06    3504.2      1.60       4.0       0.0                          
    0:00:06    3596.0      1.00       2.1       0.0                          
    0:00:06    3492.4      1.60       4.0       0.0                          
    0:00:06    3731.3      0.89       1.8       0.0                          
    0:00:06    3772.5      0.67       0.9       0.0                          
    0:00:06    3871.3      0.41       0.4       0.0                          
    0:00:06    4019.6      0.25       0.2       0.0                          
    0:00:06    4060.8      0.23       0.2       0.0                          
    0:00:06    4084.3      0.03       0.0       0.0                          
    0:00:06    4071.4      0.02       0.0       0.0                          
    0:00:06    4059.6      0.00       0.0       0.0                          
    0:00:06    4059.6      0.00       0.0       0.0                          
    0:00:06    4059.6      0.00       0.0       0.0                          
    0:00:06    4059.6      0.00       0.0       0.0                          
    0:00:06    4059.6      0.00       0.0       0.0                          
    0:00:06    4059.6      0.00       0.0       0.0                          
    0:00:06    4059.6      0.00       0.0       0.0                          



  Beginning Delay Optimization Phase
  ----------------------------------

                                  TOTAL                                      
   ELAPSED            WORST NEG   SETUP    DESIGN                            
    TIME      AREA      SLACK     COST    RULE COST         ENDPOINT         
  --------- --------- --------- --------- --------- -------------------------
    0:00:06    4059.6      0.00       0.0       0.0                          
    0:00:06    4059.6      0.00       0.0       0.0                          
    0:00:06    4042.0      0.00       0.0       3.8                          


  Beginning Design Rule Fixing  (max_transition)  (max_capacitance)
  ----------------------------

                                  TOTAL                                      
   ELAPSED            WORST NEG   SETUP    DESIGN                            
    TIME      AREA      SLACK     COST    RULE COST         ENDPOINT         
  --------- --------- --------- --------- --------- -------------------------
    0:00:06    4042.0      0.00       0.0       3.8                          
    0:00:06    4051.4      0.00       0.0       0.0                          


  Beginning Area-Recovery Phase  (cleanup)
  -----------------------------

                                  TOTAL                                      
   ELAPSED            WORST NEG   SETUP    DESIGN                            
    TIME      AREA      SLACK     COST    RULE COST         ENDPOINT         
  --------- --------- --------- --------- --------- -------------------------
    0:00:06    4051.4      0.00       0.0       0.0                          
    0:00:06    4051.4      0.00       0.0       0.0                          
    0:00:06    4049.0      0.00       0.0       0.0                          
    0:00:06    4049.0      0.00       0.0       0.0                          
    0:00:06    4049.0      0.00       0.0       0.0                          
    0:00:06    4049.0      0.00       0.0       0.0                          
    0:00:06    3787.8      0.67       1.0       0.0                          
    0:00:06    3767.8      0.77       1.1       0.0                          
    0:00:06    3767.8      0.77       1.1       0.0                          
    0:00:06    3767.8      0.77       1.1       0.0                          
    0:00:06    3767.8      0.77       1.1       0.0                          
    0:00:06    3767.8      0.77       1.1       0.0                          
    0:00:06    3767.8      0.77       1.1       0.0                          
    0:00:06    3921.9      0.00       0.0       0.0                          
Loading db file '/home/ICer/Labs/Lab_GLS_1.0/std_cells/scmetro_tsmc_cl013g_rvt_ss_1p08v_125c.db'


Note: Symbol # after min delay cost means estimated hold TNS across all active scenarios 


  Optimization Complete
  ---------------------
1
#############################################################################
# Write out Design after initial compile
# All synthesized design outputs (netlist, ddc db, sdc, sdf) go into
# $RESULTS_DIR so they're kept separate from the text reports below.
#############################################################################
puts "###############################################"
###############################################
puts "########## Writing Design to results/ ##########"
########## Writing Design to results/ ##########
puts "################################################"
################################################
write_file -format verilog -hierarchy -output $RESULTS_DIR/alu8_top_netlist.v
Writing verilog file '/home/ICer/Labs/Lab_GLS_1.0/syn/results_mul/alu8_top_netlist.v'.
Warning: Verilog 'assign' or 'tran' statements are written out. (VO-4)
1
write_file -format ddc     -hierarchy -output $RESULTS_DIR/alu8_top_netlist.ddc
Writing ddc file 'results_mul/alu8_top_netlist.ddc'.
1
write_sdc  -nosplit $RESULTS_DIR/alu8_top.sdc
1
write_sdf            $RESULTS_DIR/alu8_top.sdf
Information: Annotated 'cell' delays are assumed to include load delay. (UID-282)
Information: Writing timing information to file '/home/ICer/Labs/Lab_GLS_1.0/syn/results_mul/alu8_top.sdf'. (WT-3)
Information: Updating design information... (UID-85)
1
################# reporting #######################
# All analysis/QoR reports go into $REPORTS_DIR, grouped by category
# (area, power, timing min/max, clocks, constraint violations).
#####################################################
puts "###############################################"
###############################################
puts "############## Writing Reports #################"
############## Writing Reports #################
puts "###############################################"
###############################################
report_area                                    -hierarchy   > $REPORTS_DIR/area.rpt
report_power                                   -hierarchy   > $REPORTS_DIR/power.rpt
report_timing -max_paths 100 -delay_type min                > $REPORTS_DIR/hold.rpt
report_timing -max_paths 100 -delay_type max                > $REPORTS_DIR/setup.rpt
report_clock  -attributes                                   > $REPORTS_DIR/clocks.rpt
report_constraint -all_violators                            > $REPORTS_DIR/constraints.rpt
################# starting graphical user interface #######################
#gui_start
exit

Memory usage for main task 270 Mbytes.
Memory usage for this session 270 Mbytes.
CPU usage for this session 6 seconds ( 0.00 hours ).

Thank you...
