 
****************************************
Report : area
Design : ALU_TOP
Version: O-2018.06-SP1
Date   : Tue Aug 11 23:44:22 2026
****************************************

Information: Updating design information... (UID-85)
Library(s) Used:

    scmetro_tsmc_cl013g_rvt_ss_1p08v_125c (File: /home/ICer/Labs/Lab_Syn_3.1/std_cells/scmetro_tsmc_cl013g_rvt_ss_1p08v_125c.db)

Number of ports:                          109
Number of nets:                          1922
Number of cells:                         1540
Number of combinational cells:           1468
Number of sequential cells:                72
Number of macros/black boxes:               0
Number of buf/inv:                        306
Number of references:                      37

Combinational area:              18104.706348
Buf/Inv area:                     1429.690531
Noncombinational area:            1503.822544
Macro/Black Box area:                0.000000
Net Interconnect area:      undefined  (No wire load specified)

Total cell area:                 19608.528892
Total area:                 undefined

Hierarchical area distribution
------------------------------

                                  Global cell area            Local cell area
                                  -------------------  ----------------------------- 
Hierarchical cell                 Absolute    Percent  Combi-      Noncombi-  Black-
                                  Total       Total    national    national   boxes   Design
--------------------------------  ----------  -------  ----------  ---------  ------  ---------
ALU_TOP                           19608.5289    100.0  18104.7063  1503.8225  0.0000  ALU_TOP
--------------------------------  ----------  -------  ----------  ---------  ------  ---------
Total                                                  18104.7063  1503.8225  0.0000

1
