
                                 Formality (R)

               Version L-2016.03-SP1 for linux64 - Apr 13, 2016 

                    Copyright (c) 1988 - 2016 Synopsys, Inc.
   This software and the associated documentation are proprietary to Synopsys,
 Inc. This software may only be used in accordance with the terms and conditions
 of a written license agreement with Synopsys, Inc. All other use, reproduction,
            or distribution of this software is strictly prohibited.

  ** Highlights of Formality (R) Version L-2016.03 **
   - New alternate verification strategies for resolving inconclusive verifications
   - Automation for deploying alternate strategies
   - New command to export the mapping of reference to implementation registers
   - New capability to combine PG and low power information from db libraries with Verilog functional models

   * Please refer to the Formality Release Notes for details and additional enhancements

Build: 4031317
Hostname: IC_EDA (RHEL64)
Current time: Fri Aug 21 02:47:55 2026

Loading db file '/home/synopsys/Formality2016/libraries/syn/gtech.db'
###################################################################
########################### Variables #############################
###################################################################
set SSLIB "/home/ICer/Labs/Lab_Formal_2/std_cells/scmetro_tsmc_cl013g_rvt_ss_1p08v_125c.db"
/home/ICer/Labs/Lab_Formal_2/std_cells/scmetro_tsmc_cl013g_rvt_ss_1p08v_125c.db
set TTLIB "/home/ICer/Labs/Lab_Formal_2/std_cells/scmetro_tsmc_cl013g_rvt_tt_1p2v_25c.db"
/home/ICer/Labs/Lab_Formal_2/std_cells/scmetro_tsmc_cl013g_rvt_tt_1p2v_25c.db
set FFLIB "/home/ICer/Labs/Lab_Formal_2/std_cells/scmetro_tsmc_cl013g_rvt_ff_1p32v_m40c.db"
/home/ICer/Labs/Lab_Formal_2/std_cells/scmetro_tsmc_cl013g_rvt_ff_1p32v_m40c.db
###################################################################
############################ Guidance #############################
###################################################################
# Synopsys setup variable
set synopsys_auto_setup true
true
# Formality Setup File
set_svf /home/ICer/Labs/Lab_Formal_2/syn/ALU.svf
SVF set to '/home/ICer/Labs/Lab_Formal_2/syn/ALU.svf'.
1
###################################################################
###################### Reference Container ########################
###################################################################
# Read Reference Design Verilog Files
read_verilog -container Ref /home/ICer/Labs/Lab_Formal_2/rtl/ALU.v
No target library specified, default is WORK
Initializing DesignWare ...
Initialization Complete
Loading verilog file '/home/ICer/Labs/Lab_Formal_2/rtl/ALU.v'
Created container 'Ref'
Current container set to 'Ref'
1
# Read Reference technology libraries
read_db -container Ref [list $SSLIB $TTLIB $FFLIB]
Loading db file '/home/ICer/Labs/Lab_Formal_2/std_cells/scmetro_tsmc_cl013g_rvt_ss_1p08v_125c.db'
Loading db file '/home/ICer/Labs/Lab_Formal_2/std_cells/scmetro_tsmc_cl013g_rvt_tt_1p2v_25c.db'
Loading db file '/home/ICer/Labs/Lab_Formal_2/std_cells/scmetro_tsmc_cl013g_rvt_ff_1p32v_m40c.db'
1
# set the top Reference Design 
set_reference_design ALU
Reference design set to 'Ref:/WORK/ALU'
1
set_top ALU
Setting top design to 'Ref:/WORK/ALU'
Status:   Elaborating design ALU   ...  
Status:  Implementing inferred operators...

************ Library Checking Summary ************
Warning:  3 unlinked power cell(s) with unread pg pins.
        Use 'report_libraries -defects all' for more details.
**************************************************

Top design successfully set to 'Ref:/WORK/ALU'
Reference design set to 'Ref:/WORK/ALU'
1
###################################################################
#################### Implementation Container #####################
###################################################################
# Read Implementation Design Files
read_verilog -container Imp /home/ICer/Labs/Lab_Formal_2/syn/ALU.v
No target library specified, default is WORK
Loading verilog file '/home/ICer/Labs/Lab_Formal_2/syn/ALU.v'
Created container 'Imp'
Current container set to 'Imp'
1
# Read Implementation technology libraries
read_db -container Imp [list $SSLIB $TTLIB $FFLIB]
Loading db file '/home/ICer/Labs/Lab_Formal_2/std_cells/scmetro_tsmc_cl013g_rvt_ss_1p08v_125c.db'
Loading db file '/home/ICer/Labs/Lab_Formal_2/std_cells/scmetro_tsmc_cl013g_rvt_tt_1p2v_25c.db'
Loading db file '/home/ICer/Labs/Lab_Formal_2/std_cells/scmetro_tsmc_cl013g_rvt_ff_1p32v_m40c.db'
1
# set the top Implementation Design
set_implementation_design ALU
Implementation design set to 'Imp:/WORK/ALU'
1
set_top ALU
Setting top design to 'Imp:/WORK/ALU'
Status:  Implementing inferred operators...

************ Library Checking Summary ************
Warning:  3 unlinked power cell(s) with unread pg pins.
        Use 'report_libraries -defects all' for more details.
**************************************************

Top design successfully set to 'Imp:/WORK/ALU'
Implementation design set to 'Imp:/WORK/ALU'
1
###################### Matching Compare points ####################
match
Reference design is 'Ref:/WORK/ALU'
Implementation design is 'Imp:/WORK/ALU'
Status:  Checking designs...
    Warning: 0 (37) undriven nets found in reference (implementation) design; see formality.log for list (FM-399)
Status:  Building verification models...
Status:  Processing Guide Commands...

***************************** Guidance Summary *****************************
                                         Status
Command                 Accepted   Rejected  Unsupported  Unprocessed  Total
----------------------------------------------------------------------------
environment         :          2          0          0          0          2
mark                :          4          0          0          0          4
multiplier          :          2          0          0          0          2
transformation
   map              :          2          0          0          0          2
   share            :          2          0          0          0          2
uniquify            :          2          0          0          0          2

SVF files read:
      /home/ICer/Labs/Lab_Formal_2/syn/ALU.svf

SVF files produced:
  /home/ICer/Labs/Lab_Formal_2/fm/formality_svf/
    svf.txt
****************************************************************************

Status:  Matching...
    
*********************************** Matching Results ***********************************    
 36 Compare points matched by name    
 0 Compare points matched by signature analysis    
 0 Compare points matched by topology    
 38 Matched primary inputs, black-box outputs    
 0(0) Unmatched reference(implementation) compare points    
 0(0) Unmatched reference(implementation) primary inputs, black-box outputs    
****************************************************************************************

1
######################### Run Verification ########################
set successful [verify]
Reference design is 'Ref:/WORK/ALU'
Implementation design is 'Imp:/WORK/ALU'
    
*********************************** Matching Results ***********************************    
 36 Compare points matched by name    
 0 Compare points matched by signature analysis    
 0 Compare points matched by topology    
 38 Matched primary inputs, black-box outputs    
 0(0) Unmatched reference(implementation) compare points    
 0(0) Unmatched reference(implementation) primary inputs, black-box outputs    
****************************************************************************************

Status:  Verifying...

***************************** Synopsys Auto Setup Summary ******************************

!!! Synopsys Auto Setup Mode was enabled. !!!
!!! Verification results are valid assuming the following setup constraints: !!!

### RTL Interpretation Setup
   set hdlin_ignore_parallel_case false
   set hdlin_ignore_full_case false
   set hdlin_error_on_mismatch_message false
   set hdlin_ignore_embedded_configuration true

### Undriven Signal Handling Setup
   set verification_set_undriven_signals synthesis

### Test Logic Setup
   set verification_verify_directly_undriven_output false
   For details see report_dont_verify_points and report_constants


For further details on Synopsys Auto Setup Mode: Type man synopsys_auto_setup
****************************************************************************************


********************************* Verification Results *********************************
Verification SUCCEEDED
   ATTENTION: synopsys_auto_setup mode was enabled.
              See Synopsys Auto Setup Summary for details.
----------------------------------------------------------
 Reference design: Ref:/WORK/ALU
 Implementation design: Imp:/WORK/ALU
 36 Passing compare points
----------------------------------------------------------------------------------------
Matched Compare Points     BBPin    Loop   BBNet     Cut    Port     DFF     LAT   TOTAL
----------------------------------------------------------------------------------------
Passing (equivalent)           0       0       0       0      20      16       0      36
Failing (not equivalent)       0       0       0       0       0       0       0       0
****************************************************************************************
1
if {!$successful} {
diagnose
analyze_points -failing
}
########################### Reporting ############################# 
report_passing_points > "passing_points.rpt"
report_failing_points > "failing_points.rpt"
report_aborted_points > "aborted_points.rpt"
report_unverified_points > "unverified_points.rpt"
start_gui
     1  source -echo -verbose fm_script.tcl
1
1
fm_shell (verify)> exit

Maximum memory usage for this session: 476884 KB
CPU usage for this session: 4.47 seconds
Current time: Fri Aug 21 02:48:06 2026
Elapsed time: 10 seconds

Thank you for using Formality (R)!
