Info:  Net Imp:/WORK/ALU_DW01_addsub_0/CO is undriven.
Info:  Net Imp:/WORK/ALU_DW01_cmp6_0/LE is undriven.
Info:  Net Imp:/WORK/ALU_DW01_cmp6_0/GE is undriven.
Info:  Net Imp:/WORK/ALU_DW01_cmp6_0/NE is undriven.
Info:  Net Imp:/WORK/ALU_DW_div_uns_0/remainder[15] is undriven.
Info:  Net Imp:/WORK/ALU_DW_div_uns_0/remainder[14] is undriven.
Info:  Net Imp:/WORK/ALU_DW_div_uns_0/remainder[13] is undriven.
Info:  Net Imp:/WORK/ALU_DW_div_uns_0/remainder[12] is undriven.
Info:  Net Imp:/WORK/ALU_DW_div_uns_0/remainder[11] is undriven.
Info:  Net Imp:/WORK/ALU_DW_div_uns_0/remainder[10] is undriven.
Info:  Net Imp:/WORK/ALU_DW_div_uns_0/remainder[9] is undriven.
Info:  Net Imp:/WORK/ALU_DW_div_uns_0/remainder[8] is undriven.
Info:  Net Imp:/WORK/ALU_DW_div_uns_0/remainder[7] is undriven.
Info:  Net Imp:/WORK/ALU_DW_div_uns_0/remainder[6] is undriven.
Info:  Net Imp:/WORK/ALU_DW_div_uns_0/remainder[5] is undriven.
Info:  Net Imp:/WORK/ALU_DW_div_uns_0/remainder[4] is undriven.
Info:  Net Imp:/WORK/ALU_DW_div_uns_0/remainder[3] is undriven.
Info:  Net Imp:/WORK/ALU_DW_div_uns_0/remainder[2] is undriven.
Info:  Net Imp:/WORK/ALU_DW_div_uns_0/remainder[1] is undriven.
Info:  Net Imp:/WORK/ALU_DW_div_uns_0/remainder[0] is undriven.
Info:  Net Imp:/WORK/ALU_DW_div_uns_0/divide_by_0 is undriven.
Info:  Net Imp:/WORK/ALU_DW02_mult_0/PRODUCT[31] is undriven.
Info:  Net Imp:/WORK/ALU_DW02_mult_0/PRODUCT[30] is undriven.
Info:  Net Imp:/WORK/ALU_DW02_mult_0/PRODUCT[29] is undriven.
Info:  Net Imp:/WORK/ALU_DW02_mult_0/PRODUCT[28] is undriven.
Info:  Net Imp:/WORK/ALU_DW02_mult_0/PRODUCT[27] is undriven.
Info:  Net Imp:/WORK/ALU_DW02_mult_0/PRODUCT[26] is undriven.
Info:  Net Imp:/WORK/ALU_DW02_mult_0/PRODUCT[25] is undriven.
Info:  Net Imp:/WORK/ALU_DW02_mult_0/PRODUCT[24] is undriven.
Info:  Net Imp:/WORK/ALU_DW02_mult_0/PRODUCT[23] is undriven.
Info:  Net Imp:/WORK/ALU_DW02_mult_0/PRODUCT[22] is undriven.
Info:  Net Imp:/WORK/ALU_DW02_mult_0/PRODUCT[21] is undriven.
Info:  Net Imp:/WORK/ALU_DW02_mult_0/PRODUCT[20] is undriven.
Info:  Net Imp:/WORK/ALU_DW02_mult_0/PRODUCT[19] is undriven.
Info:  Net Imp:/WORK/ALU_DW02_mult_0/PRODUCT[18] is undriven.
Info:  Net Imp:/WORK/ALU_DW02_mult_0/PRODUCT[17] is undriven.
Info:  Net Imp:/WORK/ALU_DW02_mult_0/PRODUCT[16] is undriven.
Info:  Pre-verification of Ref:/WORK/ALU/div_49 SUCCEEDED.
Info:  Pre-verification of Ref:/WORK/ALU/mult_45 SUCCEEDED.
