
                           Design Compiler Graphical 
                                 DC Ultra (TM)
                                  DFTMAX (TM)
                              Power Compiler (TM)
                                 DesignWare (R)
                                 DC Expert (TM)
                               Design Vision (TM)
                               HDL Compiler (TM)
                               VHDL Compiler (TM)
                                  DFT Compiler
                               Design Compiler(R)

               Version O-2018.06-SP1 for linux64 - Jul 19, 2018 

                    Copyright (c) 1988 - 2018 Synopsys, Inc.
   This software and the associated documentation are proprietary to Synopsys,
 Inc. This software may only be used in accordance with the terms and conditions
 of a written license agreement with Synopsys, Inc. All other use, reproduction,
            or distribution of this software is strictly prohibited.
Initializing...
Initializing gui preferences from file  /home/ICer/.synopsys_dv_prefs.tcl
########################### Define Top Module ############################
set top_module ALU_TOP
ALU_TOP
##################### Define Working Library Directory ######################
define_design_lib work -path ./work
1
################## Design Compiler Library Files #setup ######################
puts "###########################################"
###########################################
puts "#      #setting Design Libraries           #"
#      #setting Design Libraries           #
puts "###########################################"
###########################################
#Add the path of the libraries to the search_path variable
lappend search_path /home/ICer/Labs/Lab_Syn_3.0/std_cells
. /home/synopsys/syn/O-2018.06-SP1/libraries/syn /home/synopsys/syn/O-2018.06-SP1/minpower/syn /home/synopsys/syn/O-2018.06-SP1/dw/syn_ver /home/synopsys/syn/O-2018.06-SP1/dw/sim_ver /home/ICer/Labs/Lab_Syn_3.0/std_cells
lappend search_path /home/ICer/Labs/Lab_Syn_3.0/rtl
. /home/synopsys/syn/O-2018.06-SP1/libraries/syn /home/synopsys/syn/O-2018.06-SP1/minpower/syn /home/synopsys/syn/O-2018.06-SP1/dw/syn_ver /home/synopsys/syn/O-2018.06-SP1/dw/sim_ver /home/ICer/Labs/Lab_Syn_3.0/std_cells /home/ICer/Labs/Lab_Syn_3.0/rtl
set SSLIB "scmetro_tsmc_cl013g_rvt_ss_1p08v_125c.db"
scmetro_tsmc_cl013g_rvt_ss_1p08v_125c.db
set TTLIB "scmetro_tsmc_cl013g_rvt_tt_1p2v_25c.db"
scmetro_tsmc_cl013g_rvt_tt_1p2v_25c.db
set FFLIB "scmetro_tsmc_cl013g_rvt_ff_1p32v_m40c.db"
scmetro_tsmc_cl013g_rvt_ff_1p32v_m40c.db
## Standard Cell libraries 
set target_library [list $SSLIB $TTLIB $FFLIB]
scmetro_tsmc_cl013g_rvt_ss_1p08v_125c.db scmetro_tsmc_cl013g_rvt_tt_1p2v_25c.db scmetro_tsmc_cl013g_rvt_ff_1p32v_m40c.db
## Standard Cell & Hard Macros libraries 
set link_library [list * $SSLIB $TTLIB $FFLIB]  
* scmetro_tsmc_cl013g_rvt_ss_1p08v_125c.db scmetro_tsmc_cl013g_rvt_tt_1p2v_25c.db scmetro_tsmc_cl013g_rvt_ff_1p32v_m40c.db
######################## Reading RTL Files #################################
puts "###########################################"
###########################################
puts "#             Reading RTL Files           #"
#             Reading RTL Files           #
puts "###########################################"
###########################################
set file_format verilog
verilog
read_file -format $file_format ALU_TOP.v
Loading db file '/home/ICer/Labs/Lab_Syn_3.0/std_cells/scmetro_tsmc_cl013g_rvt_ss_1p08v_125c.db'
Loading db file '/home/ICer/Labs/Lab_Syn_3.0/std_cells/scmetro_tsmc_cl013g_rvt_tt_1p2v_25c.db'
Loading db file '/home/ICer/Labs/Lab_Syn_3.0/std_cells/scmetro_tsmc_cl013g_rvt_ff_1p32v_m40c.db'
Loading db file '/home/synopsys/syn/O-2018.06-SP1/libraries/syn/gtech.db'
Loading db file '/home/synopsys/syn/O-2018.06-SP1/libraries/syn/standard.sldb'
  Loading link library 'scmetro_tsmc_cl013g_rvt_ss_1p08v_125c'
  Loading link library 'scmetro_tsmc_cl013g_rvt_tt_1p2v_25c'
  Loading link library 'scmetro_tsmc_cl013g_rvt_ff_1p32v_m40c'
  Loading link library 'gtech'
Loading verilog file '/home/ICer/Labs/Lab_Syn_3.0/rtl/ALU_TOP.v'
Detecting input file type automatically (-rtl or -netlist).
Reading with Presto HDL Compiler (equivalent to -rtl option).
Running PRESTO HDLC
Compiling source file /home/ICer/Labs/Lab_Syn_3.0/rtl/ALU_TOP.v
Presto compilation completed successfully.
Current design is now '/home/ICer/Labs/Lab_Syn_3.0/rtl/ALU_TOP.db:ALU_TOP'
Loaded 1 design.
Current design is 'ALU_TOP'.
ALU_TOP
read_file -format $file_format ALU.v
Loading verilog file '/home/ICer/Labs/Lab_Syn_3.0/rtl/ALU.v'
Detecting input file type automatically (-rtl or -netlist).
Reading with Presto HDL Compiler (equivalent to -rtl option).
Running PRESTO HDLC
Compiling source file /home/ICer/Labs/Lab_Syn_3.0/rtl/ALU.v

Statistics for case statements in always block at line 51 in file
	'/home/ICer/Labs/Lab_Syn_3.0/rtl/ALU.v'
===============================================
|           Line           |  full/ parallel  |
===============================================
|            55            |    auto/auto     |
===============================================

Inferred memory devices in process
	in routine ALU line 23 in file
		'/home/ICer/Labs/Lab_Syn_3.0/rtl/ALU.v'.
===============================================================================
|    Register Name    |   Type    | Width | Bus | MB | AR | AS | SR | SS | ST |
===============================================================================
|      A_reg_reg      | Flip-flop |   8   |  Y  | N  | Y  | N  | N  | N  | N  |
|      B_reg_reg      | Flip-flop |   8   |  Y  | N  | Y  | N  | N  | N  | N  |
===============================================================================

Inferred memory devices in process
	in routine ALU line 37 in file
		'/home/ICer/Labs/Lab_Syn_3.0/rtl/ALU.v'.
===============================================================================
|    Register Name    |   Type    | Width | Bus | MB | AR | AS | SR | SS | ST |
===============================================================================
|   ALU_OUT_reg_reg   | Flip-flop |  16   |  Y  | N  | Y  | N  | N  | N  | N  |
|  OUT_VALID_reg_reg  | Flip-flop |   1   |  N  | N  | Y  | N  | N  | N  | N  |
===============================================================================
Presto compilation completed successfully.
Current design is now '/home/ICer/Labs/Lab_Syn_3.0/rtl/ALU.db:ALU'
Loaded 1 design.
Current design is 'ALU'.
ALU
read_file -format $file_format ClkDiv.v
Loading verilog file '/home/ICer/Labs/Lab_Syn_3.0/rtl/ClkDiv.v'
Detecting input file type automatically (-rtl or -netlist).
Reading with Presto HDL Compiler (equivalent to -rtl option).
Running PRESTO HDLC
Compiling source file /home/ICer/Labs/Lab_Syn_3.0/rtl/ClkDiv.v

Inferred memory devices in process
	in routine ClkDiv line 9 in file
		'/home/ICer/Labs/Lab_Syn_3.0/rtl/ClkDiv.v'.
===============================================================================
|    Register Name    |   Type    | Width | Bus | MB | AR | AS | SR | SS | ST |
===============================================================================
|    o_div_clk_reg    | Flip-flop |   1   |  N  | N  | Y  | N  | N  | N  | N  |
===============================================================================
Presto compilation completed successfully.
Current design is now '/home/ICer/Labs/Lab_Syn_3.0/rtl/ClkDiv.db:ClkDiv'
Loaded 1 design.
Current design is 'ClkDiv'.
ClkDiv
###################### Defining toplevel ###################################
current_design $top_module
Current design is 'ALU_TOP'.
{ALU_TOP}
#################### Liniking All The Design Parts #########################
puts "###############################################"
###############################################
puts "######## Liniking All The Design Parts ########"
######## Liniking All The Design Parts ########
puts "###############################################"
###############################################
link 

  Linking design 'ALU_TOP'
  Using the following designs and libraries:
  --------------------------------------------------------------------------
  * (3 designs)               /home/ICer/Labs/Lab_Syn_3.0/rtl/ALU_TOP.db, etc
  scmetro_tsmc_cl013g_rvt_ss_1p08v_125c (library) /home/ICer/Labs/Lab_Syn_3.0/std_cells/scmetro_tsmc_cl013g_rvt_ss_1p08v_125c.db
  scmetro_tsmc_cl013g_rvt_tt_1p2v_25c (library) /home/ICer/Labs/Lab_Syn_3.0/std_cells/scmetro_tsmc_cl013g_rvt_tt_1p2v_25c.db
  scmetro_tsmc_cl013g_rvt_ff_1p32v_m40c (library) /home/ICer/Labs/Lab_Syn_3.0/std_cells/scmetro_tsmc_cl013g_rvt_ff_1p32v_m40c.db

1
#################### Liniking All The Design Parts #########################
puts "###############################################"
###############################################
puts "######## checking design consistency ##########"
######## checking design consistency ##########
puts "###############################################"
###############################################
check_design
 
****************************************
check_design summary:
Version:     O-2018.06-SP1
Date:        Sat Aug  1 19:22:13 2026
****************************************

                   Name                                            Total
--------------------------------------------------------------------------------
Cells                                                               7
    Cells do not drive (LINT-1)                                     7
--------------------------------------------------------------------------------

Warning: In design 'ALU', cell 'B_18' does not drive any nets. (LINT-1)
Warning: In design 'ALU', cell 'B_19' does not drive any nets. (LINT-1)
Warning: In design 'ALU', cell 'B_20' does not drive any nets. (LINT-1)
Warning: In design 'ALU', cell 'B_21' does not drive any nets. (LINT-1)
Warning: In design 'ALU', cell 'B_22' does not drive any nets. (LINT-1)
Warning: In design 'ALU', cell 'B_23' does not drive any nets. (LINT-1)
Warning: In design 'ALU', cell 'B_24' does not drive any nets. (LINT-1)
1
############################### Path groups ################################
puts "###############################################"
###############################################
puts "################ Path groups ##################"
################ Path groups ##################
puts "###############################################"
###############################################
group_path -name INREG -from [all_inputs]
1
group_path -name REGOUT -to [all_outputs]
1
group_path -name INOUT -from [all_inputs] -to [all_outputs]
1
#################### Define Design Constraints #########################
puts "###############################################"
###############################################
puts "############ Design Constraints #### ##########"
############ Design Constraints #### ##########
puts "###############################################"
###############################################
# Constraints
# ----------------------------------------------------------------------------
#
# 1. Master Clock Definitions
#
# 2. Generated Clock Definitions
#
# 3. Clock Uncertainties
#
# 4. Clock Latencies 
#
# 5. Clock Relationships
#
# 6. set input/output delay on ports
#
# 7. Driving cells
#
# 8. Output load
####################################################################################
#########################################################
#### Section 1 : Clock Definition ####
#########################################################
#################################################################################### 
# 1. Master Clock Definitions 
# 2. Generated Clock Definitions
# 3. Clock Latencies
# 4. Clock Uncertainties
# 4. Clock Transitions
####################################################################################
set CLK_PER 50
50
set ALU_CLK_PER [expr $CLK_PER * 2]
100
create_clock -name MASTER_CLK -period $CLK_PER -waveform "0 [expr $CLK_PER/2]" [get_ports CLK]
1
set_clock_uncertainty -setup 0.2  [get_clocks MASTER_CLK]
1
set_clock_uncertainty -hold 0.1   [get_clocks MASTER_CLK]
1
set_clock_transition  -rise 0.05  [get_clocks MASTER_CLK]
1
set_clock_transition  -fall 0.05  [get_clocks MASTER_CLK]
1
set_clock_latency 0 [get_clocks MASTER_CLK]
1
create_generated_clock -master_clock MASTER_CLK -source [get_ports CLK]                        -name "ALU_CLK" [get_port U0_ClkDiv/o_div_clk]                        -divide_by 2
1
set_clock_uncertainty -setup 0.2 [get_clocks ALU_CLK]
1
set_clock_uncertainty -hold 0.1  [get_clocks ALU_CLK]
1
set_dont_touch_network [get_clocks {MASTER_CLK ALU_CLK}]
1
set_dont_touch_network [get_ports RST]
1
####################################################################################
#########################################################
#### Section 3 : set input/output delay on ports ####
set in_delay  [expr 0.2*$ALU_CLK_PER]
20.0
set out_delay [expr 0.2*$ALU_CLK_PER]
20.0
#Constrain Input Paths
set_input_delay $in_delay -clock ALU_CLK [get_port ALU_FUN]
1
set_input_delay $in_delay -clock ALU_CLK [get_port ALU_Enable]
1
set_input_delay $in_delay -clock ALU_CLK [get_port ALU_A]
1
set_input_delay $in_delay -clock ALU_CLK [get_port ALU_B]
1
#Constrain Output Paths
set_output_delay $out_delay -clock ALU_CLK [get_port ALU_VLD]
1
set_output_delay $out_delay -clock ALU_CLK [get_port ALU_OUT]
1
####################################################################################
#########################################################
#### Section 4 : Driving cells ####
#########################################################
####################################################################################
set_driving_cell -library scmetro_tsmc_cl013g_rvt_ss_1p08v_125c -lib_cell BUFX2M -pin Y [get_port ALU_A]
Warning: Design rule attributes from the driving cell will be
	set on the port. (UID-401)
Warning: Design rule attributes from the driving cell will be
	set on the port. (UID-401)
Warning: Design rule attributes from the driving cell will be
	set on the port. (UID-401)
Warning: Design rule attributes from the driving cell will be
	set on the port. (UID-401)
Warning: Design rule attributes from the driving cell will be
	set on the port. (UID-401)
Warning: Design rule attributes from the driving cell will be
	set on the port. (UID-401)
Warning: Design rule attributes from the driving cell will be
	set on the port. (UID-401)
Warning: Design rule attributes from the driving cell will be
	set on the port. (UID-401)
1
set_driving_cell -library scmetro_tsmc_cl013g_rvt_ss_1p08v_125c -lib_cell BUFX2M -pin Y [get_port ALU_B]
Warning: Design rule attributes from the driving cell will be
	set on the port. (UID-401)
Warning: Design rule attributes from the driving cell will be
	set on the port. (UID-401)
Warning: Design rule attributes from the driving cell will be
	set on the port. (UID-401)
Warning: Design rule attributes from the driving cell will be
	set on the port. (UID-401)
Warning: Design rule attributes from the driving cell will be
	set on the port. (UID-401)
Warning: Design rule attributes from the driving cell will be
	set on the port. (UID-401)
Warning: Design rule attributes from the driving cell will be
	set on the port. (UID-401)
Warning: Design rule attributes from the driving cell will be
	set on the port. (UID-401)
1
set_driving_cell -library scmetro_tsmc_cl013g_rvt_ss_1p08v_125c -lib_cell BUFX2M -pin Y [get_port ALU_FUN]
Warning: Design rule attributes from the driving cell will be
	set on the port. (UID-401)
Warning: Design rule attributes from the driving cell will be
	set on the port. (UID-401)
Warning: Design rule attributes from the driving cell will be
	set on the port. (UID-401)
Warning: Design rule attributes from the driving cell will be
	set on the port. (UID-401)
1
set_driving_cell -library scmetro_tsmc_cl013g_rvt_ss_1p08v_125c -lib_cell BUFX2M -pin Y [get_port ALU_Enable]
Warning: Design rule attributes from the driving cell will be
	set on the port. (UID-401)
1
#set_driving_cell -library scmetro_tsmc_cl013g_rvt_ss_1p08v_125c -lib_cell BUFX2M -pin Y [get_ports {ALU_A ALU_B ALU_FUN ALU_Enable}]
####################################################################################
#########################################################
#### Section 5 : Output load ####
#########################################################
####################################################################################
set_load 50 [get_port ALU_VLD]
1
set_load 50 [get_port ALU_OUT]
1
####################################################################################
#########################################################
#### Section 6 : Operating Condition ####
#########################################################
####################################################################################
# Define the Worst Library for Max(#setup) analysis
# Define the Best Library for Min(hold) analysis
set_operating_conditions -min_library "scmetro_tsmc_cl013g_rvt_ff_1p32v_m40c"                          -min "scmetro_tsmc_cl013g_rvt_ff_1p32v_m40c" 		       -max_library "scmetro_tsmc_cl013g_rvt_ss_1p08v_125c" 		       -max "scmetro_tsmc_cl013g_rvt_ss_1p08v_125c"
Using operating conditions 'scmetro_tsmc_cl013g_rvt_ss_1p08v_125c' found in library 'scmetro_tsmc_cl013g_rvt_ss_1p08v_125c'.
Using operating conditions 'scmetro_tsmc_cl013g_rvt_ff_1p32v_m40c' found in library 'scmetro_tsmc_cl013g_rvt_ff_1p32v_m40c'.
1
####################################################################################
#########################################################
#### Section 7 : wireload Model ####
#########################################################
####################################################################################
set_wire_load_model -name tsmc13_wl30 -library scmetro_tsmc_cl013g_rvt_ss_1p08v_125c
1
###################### Mapping and optimization ########################
puts "###############################################"
###############################################
puts "########## Mapping & Optimization #############"
########## Mapping & Optimization #############
puts "###############################################"
###############################################
compile -map_effort high 
Information: Evaluating DesignWare library utilization. (UISN-27)

============================================================================
| DesignWare Building Block Library  |         Version         | Available |
============================================================================
| Basic DW Building Blocks           | O-2018.06-DWBB_201806.1 |     *     |
| Licensed DW Building Blocks        |                         |           |
============================================================================


Information: There are 7 potential problems in your design. Please run 'check_design' for more information. (LINT-99)


Warning: Operating condition scmetro_tsmc_cl013g_rvt_ss_1p08v_125c set on design ALU_TOP has different process,
voltage and temperatures parameters than the parameters at which target library 
scmetro_tsmc_cl013g_rvt_tt_1p2v_25c is characterized. Delays may be inaccurate as a result. (OPT-998)

  Beginning Pass 1 Mapping
  ------------------------
  Processing 'ALU'
  Processing 'ClkDiv'
  Processing 'ALU_TOP'

  Updating timing information
Information: Updating design information... (UID-85)

  Beginning Implementation Selection
  ----------------------------------
  Processing 'ALU_DW_div_uns_0'
  Processing 'ALU_DW01_sub_0'
  Processing 'ALU_DW01_add_0'
  Processing 'ALU_DW01_cmp6_0'
  Processing 'ALU_DW02_mult_0'
  Processing 'ALU_DW01_add_1'

  Beginning Mapping Optimizations  (High effort)
  -------------------------------
Loading db file '/home/ICer/Labs/Lab_Syn_3.0/std_cells/scmetro_tsmc_cl013g_rvt_tt_1p2v_25c.db'
Loading db file '/home/ICer/Labs/Lab_Syn_3.0/std_cells/scmetro_tsmc_cl013g_rvt_ff_1p32v_m40c.db'

                                  TOTAL                                      
   ELAPSED            WORST NEG   SETUP    DESIGN                            
    TIME      AREA      SLACK     COST    RULE COST         ENDPOINT         
  --------- --------- --------- --------- --------- -------------------------
    0:00:07   13802.7      0.00       0.0    1935.0                          
    0:00:07   13802.7      0.00       0.0    1935.0                          
    0:00:07   13802.7      0.00       0.0    1935.0                          
    0:00:07   13802.7      0.00       0.0    1935.0                          
    0:00:07   13802.7      0.00       0.0    1935.0                          
    0:00:07    6603.6      0.00       0.0    1918.9                          
    0:00:08    6573.0      0.00       0.0    1918.5                          
    0:00:08    6573.0      0.00       0.0    1903.9                          
    0:00:08    6573.0      0.00       0.0    1903.9                          
    0:00:08    6573.0      0.00       0.0    1903.9                          
    0:00:08    6573.0      0.00       0.0    1903.9                          
    0:00:08    6573.0      0.00       0.0    1903.9                          
    0:00:08    6583.6      0.00       0.0    1895.8                          
    0:00:08    6593.1      0.00       0.0    1892.6                          
    0:00:08    6595.4      0.00       0.0    1892.2                          
    0:00:08    6600.1      0.00       0.0    1892.2                          
    0:00:08    6600.1      0.00       0.0    1892.2                          
    0:00:08    6600.1      0.00       0.0    1892.2                          
    0:00:08    6600.1      0.00       0.0    1892.2                          



  Beginning Delay Optimization Phase
  ----------------------------------

                                  TOTAL                                      
   ELAPSED            WORST NEG   SETUP    DESIGN                            
    TIME      AREA      SLACK     COST    RULE COST         ENDPOINT         
  --------- --------- --------- --------- --------- -------------------------
    0:00:08    6600.1      0.00       0.0    1892.2                          
    0:00:08    6600.1      0.00       0.0    1892.2                          
    0:00:08    6514.2      0.00       0.0    1905.7                          


  Beginning Design Rule Fixing  (max_transition)  (max_capacitance)
  ----------------------------

                                  TOTAL                                      
   ELAPSED            WORST NEG   SETUP    DESIGN                            
    TIME      AREA      SLACK     COST    RULE COST         ENDPOINT         
  --------- --------- --------- --------- --------- -------------------------
    0:00:08    6514.2      0.00       0.0    1905.7                          
    0:00:09    6876.6      0.00       0.0    1187.3                          


  Beginning Area-Recovery Phase  (cleanup)
  -----------------------------

                                  TOTAL                                      
   ELAPSED            WORST NEG   SETUP    DESIGN                            
    TIME      AREA      SLACK     COST    RULE COST         ENDPOINT         
  --------- --------- --------- --------- --------- -------------------------
    0:00:09    6876.6      0.00       0.0    1187.3                          
    0:00:09    6876.6      0.00       0.0    1187.3                          
    0:00:09    6828.4      0.00       0.0    1187.3                          
    0:00:09    6824.9      0.00       0.0    1187.3                          
    0:00:09    6824.9      0.00       0.0    1187.3                          
    0:00:09    6824.9      0.00       0.0    1187.3                          
    0:00:09    6824.9      0.00       0.0    1187.3                          
    0:00:09    6824.9      0.00       0.0    1187.3                          
    0:00:09    6724.8      0.00       0.0    1187.3                          
    0:00:09    6724.8      0.00       0.0    1187.3                          
    0:00:09    6724.8      0.00       0.0    1187.3                          
    0:00:09    6724.8      0.00       0.0    1187.3                          
    0:00:09    6724.8      0.00       0.0    1187.3                          
    0:00:09    6724.8      0.00       0.0    1187.3                          
    0:00:09    6724.8      0.00       0.0    1187.3                          
Loading db file '/home/ICer/Labs/Lab_Syn_3.0/std_cells/scmetro_tsmc_cl013g_rvt_ss_1p08v_125c.db'


Note: Symbol # after min delay cost means estimated hold TNS across all active scenarios 


  Optimization Complete
  ---------------------
1
#############################################################################
# Write out Design after initial compile
#############################################################################
write_file -format verilog -hierarchy -output ALU_TOP_Netlist.v
Writing verilog file '/home/ICer/Labs/Lab_Syn_3.0/syn/ALU_TOP_Netlist.v'.
Warning: Verilog 'assign' or 'tran' statements are written out. (VO-4)
1
write_file -format ddc     -hierarchy -output ALU_TOP_Netlist.ddc
Writing ddc file 'ALU_TOP_Netlist.ddc'.
1
write_sdc  -nosplit ALU_TOP.sdc
1
write_sdf           ALU_TOP.sdf
Information: Annotated 'cell' delays are assumed to include load delay. (UID-282)
Information: Writing timing information to file '/home/ICer/Labs/Lab_Syn_3.0/syn/ALU_TOP.sdf'. (WT-3)
Information: Updating design information... (UID-85)
1
################# reporting #######################
report_area -hierarchy > area.rpt
report_power -hierarchy > power.rpt
report_timing -max_paths 100 -delay_type min > hold.rpt
report_timing -max_paths 100 -delay_type max > setup.rpt
report_clock -attributes > clocks.rpt
report_constraint -all_violators > constraints.rpt
################# starting graphical user interface #######################
gui_start
Current design is 'ALU_TOP'.
4.1
#exit
dc_shell> dc_shell> Current design is 'ALU_TOP'.
dc_shell> 
Received Signal 1 from: PID=28402 (UID=1000)
