                                        
                           Design Compiler Graphical 
                                 DC Ultra (TM)
                                  DFTMAX (TM)
                              Power Compiler (TM)
                                 DesignWare (R)
                                 DC Expert (TM)
                               Design Vision (TM)
                               HDL Compiler (TM)
                               VHDL Compiler (TM)
                                  DFT Compiler
                               Design Compiler(R)
                                        
                 Version K-2015.06 for linux64 - May 28, 2015 
                                        
                    Copyright (c) 1988 - 2015 Synopsys, Inc.
   This software and the associated documentation are proprietary to Synopsys,
 Inc. This software may only be used in accordance with the terms and conditions
 of a written license agreement with Synopsys, Inc. All other use, reproduction,
            or distribution of this software is strictly prohibited.
Initializing...
Initializing gui preferences from file  /home/IC/.synopsys_dv_prefs.tcl
################## Design Compiler Library Files ######################
lappend search_path /home/IC/Labs/Lab_Syn_2.1/std_cells
. /opt/Synopsys/Synplify2015/libraries/syn /opt/Synopsys/Synplify2015/minpower/syn /opt/Synopsys/Synplify2015/dw/syn_ver /opt/Synopsys/Synplify2015/dw/sim_ver /home/IC/Labs/Lab_Syn_2.1/std_cells
lappend search_path /home/IC/Labs/Lab_Syn_2.1/rtl
. /opt/Synopsys/Synplify2015/libraries/syn /opt/Synopsys/Synplify2015/minpower/syn /opt/Synopsys/Synplify2015/dw/syn_ver /opt/Synopsys/Synplify2015/dw/sim_ver /home/IC/Labs/Lab_Syn_2.1/std_cells /home/IC/Labs/Lab_Syn_2.1/rtl
set TTLIB "scmetro_tsmc_cl013g_rvt_tt_1p2v_25c.db"
scmetro_tsmc_cl013g_rvt_tt_1p2v_25c.db
## Standard Cell libraries 
set target_library [list $TTLIB]
scmetro_tsmc_cl013g_rvt_tt_1p2v_25c.db
## Standard Cell & Hard Macros libraries 
set link_library [list * $TTLIB]  
* scmetro_tsmc_cl013g_rvt_tt_1p2v_25c.db
######################## Reading RTL Files #################################
read_file -format verilog regfile.v
Loading db file '/home/IC/Labs/Lab_Syn_2.1/std_cells/scmetro_tsmc_cl013g_rvt_tt_1p2v_25c.db'
Loading db file '/opt/Synopsys/Synplify2015/libraries/syn/gtech.db'
Loading db file '/opt/Synopsys/Synplify2015/libraries/syn/standard.sldb'
  Loading link library 'scmetro_tsmc_cl013g_rvt_tt_1p2v_25c'
  Loading link library 'gtech'
Loading verilog file '/home/IC/Labs/Lab_Syn_2.1/rtl/regfile.v'
Detecting input file type automatically (-rtl or -netlist).
Reading with Presto HDL Compiler (equivalent to -rtl option).
Running PRESTO HDLC
Compiling source file /home/IC/Labs/Lab_Syn_2.1/rtl/regfile.v

Statistics for case statements in always block at line 66 in file
	'/home/IC/Labs/Lab_Syn_2.1/rtl/regfile.v'
===============================================
|           Line           |  full/ parallel  |
===============================================
|            80            |     no/auto      |
|           109            |    auto/auto     |
===============================================

Inferred memory devices in process
	in routine regfile line 66 in file
		'/home/IC/Labs/Lab_Syn_2.1/rtl/regfile.v'.
===============================================================================
|    Register Name    |   Type    | Width | Bus | MB | AR | AS | SR | SS | ST |
===============================================================================
|      reg2_reg       | Flip-flop |   8   |  Y  | N  | Y  | N  | N  | N  | N  |
|      reg0_reg       | Flip-flop |   8   |  Y  | N  | Y  | N  | N  | N  | N  |
|      reg3_reg       | Flip-flop |   8   |  Y  | N  | Y  | N  | N  | N  | N  |
|    o_rdData_reg     | Flip-flop |   8   |  Y  | N  | Y  | N  | N  | N  | N  |
|      reg1_reg       | Flip-flop |   8   |  Y  | N  | Y  | N  | N  | N  | N  |
===============================================================================

Inferred memory devices in process
	in routine regfile line 132 in file
		'/home/IC/Labs/Lab_Syn_2.1/rtl/regfile.v'.
===============================================================================
|    Register Name    |   Type    | Width | Bus | MB | AR | AS | SR | SS | ST |
===============================================================================
|      reg5_reg       | Flip-flop |   8   |  Y  | N  | Y  | N  | N  | N  | N  |
|    o_tx_mode_reg    | Flip-flop |   1   |  N  | N  | Y  | N  | N  | N  | N  |
|      reg4_reg       | Flip-flop |   8   |  Y  | N  | Y  | N  | N  | N  | N  |
===============================================================================
Presto compilation completed successfully.
Current design is now '/home/IC/Labs/Lab_Syn_2.1/rtl/regfile.db:regfile'
Loaded 1 design.
Current design is 'regfile'.
regfile
link 

  Linking design 'regfile'
  Using the following designs and libraries:
  --------------------------------------------------------------------------
  regfile                     /home/IC/Labs/Lab_Syn_2.1/rtl/regfile.db
  scmetro_tsmc_cl013g_rvt_tt_1p2v_25c (library) /home/IC/Labs/Lab_Syn_2.1/std_cells/scmetro_tsmc_cl013g_rvt_tt_1p2v_25c.db

1
###################### Mapping and optimization ########################"
compile_ultra
Information: Performing power optimization. (PWR-850)
Analyzing: "/home/IC/Labs/Lab_Syn_2.1/std_cells/scmetro_tsmc_cl013g_rvt_tt_1p2v_25c.db"
Library analysis succeeded.
Loading db file '/opt/Synopsys/Synplify2015/libraries/syn/dw_foundation.sldb'
Warning: DesignWare synthetic library dw_foundation.sldb is added to the synthetic_library in the current command. (UISN-40)
Information: Evaluating DesignWare library utilization. (UISN-27)

============================================================================
| DesignWare Building Block Library  |         Version         | Available |
============================================================================
| Basic DW Building Blocks           | K-2015.06-DWBB_201506.0 |     *     |
| Licensed DW Building Blocks        | K-2015.06-DWBB_201506.0 |     *     |
============================================================================

Information: Sequential output inversion is enabled.  SVF file must be used for formal verification. (OPT-1208)

Loaded alib file './alib-52/scmetro_tsmc_cl013g_rvt_tt_1p2v_25c.db.alib'
  Building model 'DW01_NAND2'
Information: Ungrouping 0 of 1 hierarchies before Pass 1 (OPT-775)
Information: State dependent leakage is now switched from on to off.

  Beginning Pass 1 Mapping
  ------------------------
  Processing 'regfile'
Information: The register 'reg4_reg[1]' is a constant and will be removed. (OPT-1206)
Information: The register 'reg4_reg[3]' is a constant and will be removed. (OPT-1206)
Information: The register 'reg4_reg[5]' is a constant and will be removed. (OPT-1206)
Information: The register 'reg4_reg[7]' is a constant and will be removed. (OPT-1206)
Information: The register 'reg5_reg[0]' is a constant and will be removed. (OPT-1206)
Information: The register 'reg5_reg[2]' is a constant and will be removed. (OPT-1206)
Information: The register 'reg5_reg[7]' is a constant and will be removed. (OPT-1206)
Information: In design 'regfile', the register 'reg4_reg[2]' is removed because it is merged to 'reg4_reg[0]'. (OPT-1215)
Information: In design 'regfile', the register 'reg4_reg[4]' is removed because it is merged to 'reg4_reg[0]'. (OPT-1215)
Information: In design 'regfile', the register 'reg4_reg[6]' is removed because it is merged to 'reg4_reg[0]'. (OPT-1215)
Information: In design 'regfile', the register 'reg5_reg[1]' is removed because it is merged to 'reg4_reg[0]'. (OPT-1215)
Information: In design 'regfile', the register 'reg5_reg[3]' is removed because it is merged to 'reg4_reg[0]'. (OPT-1215)
Information: In design 'regfile', the register 'reg5_reg[4]' is removed because it is merged to 'reg4_reg[0]'. (OPT-1215)
Information: In design 'regfile', the register 'reg5_reg[5]' is removed because it is merged to 'reg4_reg[0]'. (OPT-1215)
Information: In design 'regfile', the register 'reg5_reg[6]' is removed because it is merged to 'reg4_reg[0]'. (OPT-1215)
 Implement Synthetic for 'regfile'.
Memory usage for J1 task 217 Mbytes -- main task 217 Mbytes.

  Updating timing information
Information: Updating design information... (UID-85)
Information: The library cell 'HOLDX1M' in the library 'scmetro_tsmc_cl013g_rvt_tt_1p2v_25c' is not characterized for internal power. (PWR-536)
Information: The target library(s) contains cell(s), other than black boxes, that are not characterized for internal power. (PWR-24)

  Beginning Mapping Optimizations  (Ultra High effort)
  -------------------------------

  Beginning Constant Register Removal
  -----------------------------------

  Beginning Global Optimizations
  ------------------------------
  Numerical Synthesis (Phase 1)
  Numerical Synthesis (Phase 2)
  Global Optimization (Phase 1)
  Global Optimization (Phase 2)
  Global Optimization (Phase 3)
  Global Optimization (Phase 4)
  Global Optimization (Phase 5)
  Global Optimization (Phase 6)
  Global Optimization (Phase 7)
  Global Optimization (Phase 8)
  Global Optimization (Phase 9)
  Global Optimization (Phase 10)
  Global Optimization (Phase 11)
  Global Optimization (Phase 12)
  Global Optimization (Phase 13)
  Global Optimization (Phase 14)
  Global Optimization (Phase 15)
  Global Optimization (Phase 16)
  Global Optimization (Phase 17)
  Global Optimization (Phase 18)
  Global Optimization (Phase 19)
  Global Optimization (Phase 20)
  Global Optimization (Phase 21)
  Global Optimization (Phase 22)
  Global Optimization (Phase 23)
  Global Optimization (Phase 24)
  Global Optimization (Phase 25)
  Global Optimization (Phase 26)
  Global Optimization (Phase 27)
  Global Optimization (Phase 28)
  Global Optimization (Phase 29)

  Beginning Isolate Ports
  -----------------------

  Beginning Delay Optimization
  ----------------------------

                                  TOTAL                                                
   ELAPSED            WORST NEG   SETUP    DESIGN                              LEAKAGE 
    TIME      AREA      SLACK     COST    RULE COST         ENDPOINT            POWER  
  --------- --------- --------- --------- --------- ------------------------- ---------
    0:00:05    1726.2      0.00       0.0       0.0                           376511.9688
    0:00:05    1726.2      0.00       0.0       0.0                           376511.9688
    0:00:05    1726.2      0.00       0.0       0.0                           376511.9688
    0:00:05    1726.2      0.00       0.0       0.0                           376511.9688

  Beginning WLM Backend Optimization
  --------------------------------------
    0:00:05    1721.5      0.00       0.0       0.0                           375009.0938
    0:00:05    1721.5      0.00       0.0       0.0                           374899.6562
    0:00:05    1721.5      0.00       0.0       0.0                           374899.6562
    0:00:05    1721.5      0.00       0.0       0.0                           374899.6562
    0:00:05    1721.5      0.00       0.0       0.0                           374899.6562
    0:00:05    1721.5      0.00       0.0       0.0                           374899.6562
    0:00:05    1721.5      0.00       0.0       0.0                           374899.6562
    0:00:05    1721.5      0.00       0.0       0.0                           374899.6562
    0:00:05    1721.5      0.00       0.0       0.0                           374899.6562
    0:00:05    1721.5      0.00       0.0       0.0                           374899.6562
    0:00:05    1721.5      0.00       0.0       0.0                           374899.6562
    0:00:05    1721.5      0.00       0.0       0.0                           374899.6562
    0:00:05    1721.5      0.00       0.0       0.0                           374899.6562
    0:00:05    1721.5      0.00       0.0       0.0                           374899.6562
    0:00:05    1721.5      0.00       0.0       0.0                           374899.6562
    0:00:05    1721.5      0.00       0.0       0.0                           374899.6562
    0:00:05    1721.5      0.00       0.0       0.0                           374899.6562
    0:00:05    1721.5      0.00       0.0       0.0                           374899.6562
    0:00:05    1721.5      0.00       0.0       0.0                           374899.6562
    0:00:05    1721.5      0.00       0.0       0.0                           374899.6562
    0:00:05    1721.5      0.00       0.0       0.0                           374899.6562
    0:00:05    1721.5      0.00       0.0       0.0                           374899.6562


  Beginning Leakage Power Optimization  (max_leakage_power 0)
  ------------------------------------

                                  TOTAL                                                
   ELAPSED            WORST NEG   SETUP    DESIGN                              LEAKAGE 
    TIME      AREA      SLACK     COST    RULE COST         ENDPOINT            POWER  
  --------- --------- --------- --------- --------- ------------------------- ---------
    0:00:05    1721.5      0.00       0.0       0.0                           374899.6562
  Global Optimization (Phase 30)
  Global Optimization (Phase 31)
  Global Optimization (Phase 32)
  Global Optimization (Phase 33)
  Global Optimization (Phase 34)
  Global Optimization (Phase 35)
  Global Optimization (Phase 36)
  Global Optimization (Phase 37)
  Global Optimization (Phase 38)
  Global Optimization (Phase 39)
  Global Optimization (Phase 40)
    0:00:05    1721.5      0.00       0.0       0.0                           374152.5938
    0:00:05    1721.5      0.00       0.0       0.0                           374152.5938
    0:00:05    1721.5      0.00       0.0       0.0                           374152.5938
    0:00:06    1721.5      0.00       0.0       0.0                           374152.5938
    0:00:06    1721.5      0.00       0.0       0.0                           374152.5938
    0:00:06    1721.5      0.00       0.0       0.0                           374152.5938
    0:00:06    1721.5      0.00       0.0       0.0                           374152.5938
    0:00:06    1721.5      0.00       0.0       0.0                           374152.5938
    0:00:06    1721.5      0.00       0.0       0.0                           374152.5938
    0:00:06    1721.5      0.00       0.0       0.0                           374152.5938
    0:00:06    1721.5      0.00       0.0       0.0                           374152.5938
    0:00:06    1721.5      0.00       0.0       0.0                           374152.5938
    0:00:06    1721.5      0.00       0.0       0.0                           374152.5938
    0:00:06    1721.5      0.00       0.0       0.0                           374152.5938
    0:00:06    1721.5      0.00       0.0       0.0                           374152.5938
    0:00:06    1721.5      0.00       0.0       0.0                           374152.5938
    0:00:06    1721.5      0.00       0.0       0.0                           374152.5938
    0:00:06    1721.5      0.00       0.0       0.0                           374152.5938
    0:00:06    1721.5      0.00       0.0       0.0                           374152.5938
    0:00:06    1721.5      0.00       0.0       0.0                           374152.5938
    0:00:06    1721.5      0.00       0.0       0.0                           374152.5938
    0:00:06    1721.5      0.00       0.0       0.0                           374152.5938

                                  TOTAL                                                
   ELAPSED            WORST NEG   SETUP    DESIGN                              LEAKAGE 
    TIME      AREA      SLACK     COST    RULE COST         ENDPOINT            POWER  
  --------- --------- --------- --------- --------- ------------------------- ---------
    0:00:06    1721.5      0.00       0.0       0.0                           374152.5938
    0:00:06    1721.5      0.00       0.0       0.0                           374152.5938
    0:00:06    1721.5      0.00       0.0       0.0                           374152.5938
    0:00:06    1721.5      0.00       0.0       0.0                           374152.5938
    0:00:06    1721.5      0.00       0.0       0.0                           374152.5938
    0:00:06    1721.5      0.00       0.0       0.0                           374152.5938
    0:00:06    1721.5      0.00       0.0       0.0                           374152.5938
    0:00:06    1721.5      0.00       0.0       0.0                           374152.5938
    0:00:06    1721.5      0.00       0.0       0.0                           374152.5938
Loading db file '/home/IC/Labs/Lab_Syn_2.1/std_cells/scmetro_tsmc_cl013g_rvt_tt_1p2v_25c.db'


Note: Symbol # after min delay cost means estimated hold TNS across all active scenarios 


  Optimization Complete
  ---------------------
Information: State dependent leakage is now switched from off to on.
Information: Propagating switching activity (low effort zero delay simulation). (PWR-6)
Warning: There is no defined clock in the design. (PWR-80)
1
#############################################################################
# Write out Design after initial compile
#############################################################################
write_file -format verilog -output regfile_mapped.v
Writing verilog file '/home/IC/Labs/Lab_Syn_2.1/syn/regfile_mapped.v'.
Warning: Verilog 'assign' or 'tran' statements are written out. (VO-4)
1
1
dc_shell> 