Loading db file '/home/ICer/Labs/Lab_Syn_3.2/std_cells/scmetro_tsmc_cl013g_rvt_ss_1p08v_125c.db'
Information: Propagating switching activity (low effort zero delay simulation). (PWR-6)
Warning: Design has unannotated primary inputs. (PWR-414)
Warning: Design has unannotated sequential cell outputs. (PWR-415)
 
****************************************
Report : power
        -hier
        -analysis_effort low
Design : System_Top
Version: O-2018.06-SP1
Date   : Thu Aug 20 20:37:14 2026
****************************************


Library(s) Used:

    scmetro_tsmc_cl013g_rvt_ss_1p08v_125c (File: /home/ICer/Labs/Lab_Syn_3.2/std_cells/scmetro_tsmc_cl013g_rvt_ss_1p08v_125c.db)


Operating Conditions: scmetro_tsmc_cl013g_rvt_ss_1p08v_125c   Library: scmetro_tsmc_cl013g_rvt_ss_1p08v_125c
Wire Load Model Mode: top


Global Operating Voltage = 1.08 
Power-specific unit information :
    Voltage Units = 1V
    Capacitance Units = 1.000000pf
    Time Units = 1ns
    Dynamic Power Units = 1mW    (derived from V,C,T units)
    Leakage Power Units = 1pW


--------------------------------------------------------------------------------
                                       Switch   Int      Leak     Total
Hierarchy                              Power    Power    Power    Power    %
--------------------------------------------------------------------------------
System_Top                             6.85e-03 2.26e-02 4.28e+06 3.37e-02 100.0
  U0_CLK_GATE (CLK_GATE)               6.14e-04 8.41e-04 1.51e+04 1.47e-03   4.4
  U0_ClkDiv (ClkDiv)                   1.80e-03 1.19e-03 3.96e+04 3.03e-03   9.0
  U0_ALU (ALU)                         3.59e-03 6.84e-03 2.75e+06 1.32e-02  39.1
    mult_48 (ALU_DW02_mult_0)          1.33e-05 3.11e-05 7.22e+05 7.67e-04   2.3
    add_42 (ALU_DW01_add_0)            2.80e-06 1.28e-05 2.31e+05 2.46e-04   0.7
    sub_45 (ALU_DW01_sub_0)            4.82e-06 1.64e-05 2.48e+05 2.69e-04   0.8
    div_51 (ALU_DW_div_uns_0)          2.57e-05 3.66e-05 7.62e+05 8.24e-04   2.4
  U0_RegFile (RegFile)                 8.46e-04 1.37e-02 1.48e+06 1.60e-02  47.5
1
