
                           Design Compiler Graphical 
                                 DC Ultra (TM)
                                  DFTMAX (TM)
                              Power Compiler (TM)
                                 DesignWare (R)
                                 DC Expert (TM)
                               Design Vision (TM)
                               HDL Compiler (TM)
                               VHDL Compiler (TM)
                                  DFT Compiler
                               Design Compiler(R)

               Version O-2018.06-SP1 for linux64 - Jul 19, 2018 

                    Copyright (c) 1988 - 2018 Synopsys, Inc.
   This software and the associated documentation are proprietary to Synopsys,
 Inc. This software may only be used in accordance with the terms and conditions
 of a written license agreement with Synopsys, Inc. All other use, reproduction,
            or distribution of this software is strictly prohibited.
Initializing...
Initializing gui preferences from file  /home/ICer/.synopsys_dv_prefs.tcl
########################### Define Top Module ############################
set top_module System_Top
System_Top
##################### Define Working Library Directory ######################
define_design_lib work -path ./work
1
################## Design Compiler Library Files #setup ######################
puts "###########################################"
###########################################
puts "#      #setting Design Libraries           #"
#      #setting Design Libraries           #
puts "###########################################"
###########################################
#Add the path of the libraries to the search_path variable
lappend search_path /home/ICer/Labs/Lab_Syn_3.2/std_cells
. /home/synopsys/syn/O-2018.06-SP1/libraries/syn /home/synopsys/syn/O-2018.06-SP1/minpower/syn /home/synopsys/syn/O-2018.06-SP1/dw/syn_ver /home/synopsys/syn/O-2018.06-SP1/dw/sim_ver /home/ICer/Labs/Lab_Syn_3.2/std_cells
lappend search_path /home/ICer/Labs/Lab_Syn_3.2/rtl
. /home/synopsys/syn/O-2018.06-SP1/libraries/syn /home/synopsys/syn/O-2018.06-SP1/minpower/syn /home/synopsys/syn/O-2018.06-SP1/dw/syn_ver /home/synopsys/syn/O-2018.06-SP1/dw/sim_ver /home/ICer/Labs/Lab_Syn_3.2/std_cells /home/ICer/Labs/Lab_Syn_3.2/rtl
set SSLIB "scmetro_tsmc_cl013g_rvt_ss_1p08v_125c.db"
scmetro_tsmc_cl013g_rvt_ss_1p08v_125c.db
set TTLIB "scmetro_tsmc_cl013g_rvt_tt_1p2v_25c.db"
scmetro_tsmc_cl013g_rvt_tt_1p2v_25c.db
set FFLIB "scmetro_tsmc_cl013g_rvt_ff_1p32v_m40c.db"
scmetro_tsmc_cl013g_rvt_ff_1p32v_m40c.db
## Standard Cell libraries 
set target_library [list $SSLIB $TTLIB $FFLIB]
scmetro_tsmc_cl013g_rvt_ss_1p08v_125c.db scmetro_tsmc_cl013g_rvt_tt_1p2v_25c.db scmetro_tsmc_cl013g_rvt_ff_1p32v_m40c.db
## Standard Cell & Hard Macros libraries 
set link_library [list * $SSLIB $TTLIB $FFLIB]  
* scmetro_tsmc_cl013g_rvt_ss_1p08v_125c.db scmetro_tsmc_cl013g_rvt_tt_1p2v_25c.db scmetro_tsmc_cl013g_rvt_ff_1p32v_m40c.db
######################## Reading RTL Files #################################
puts "###########################################"
###########################################
puts "#             Reading RTL Files           #"
#             Reading RTL Files           #
puts "###########################################"
###########################################
set file_format verilog
verilog
read_file -format $file_format System_Top.v
Loading db file '/home/ICer/Labs/Lab_Syn_3.2/std_cells/scmetro_tsmc_cl013g_rvt_ss_1p08v_125c.db'
Loading db file '/home/ICer/Labs/Lab_Syn_3.2/std_cells/scmetro_tsmc_cl013g_rvt_tt_1p2v_25c.db'
Loading db file '/home/ICer/Labs/Lab_Syn_3.2/std_cells/scmetro_tsmc_cl013g_rvt_ff_1p32v_m40c.db'
Loading db file '/home/synopsys/syn/O-2018.06-SP1/libraries/syn/gtech.db'
Loading db file '/home/synopsys/syn/O-2018.06-SP1/libraries/syn/standard.sldb'
  Loading link library 'scmetro_tsmc_cl013g_rvt_ss_1p08v_125c'
  Loading link library 'scmetro_tsmc_cl013g_rvt_tt_1p2v_25c'
  Loading link library 'scmetro_tsmc_cl013g_rvt_ff_1p32v_m40c'
  Loading link library 'gtech'
Loading verilog file '/home/ICer/Labs/Lab_Syn_3.2/syn/System_Top.v'
Detecting input file type automatically (-rtl or -netlist).
Running DC verilog reader
Performing 'read' command.
Compiling source file /home/ICer/Labs/Lab_Syn_3.2/syn/System_Top.v
Reading with netlist reader (equivalent to -netlist option).
Verilog netlist reader completed successfully.
Current design is now '/home/ICer/Labs/Lab_Syn_3.2/syn/RegFile.db:RegFile'
Loaded 9 designs.
Current design is 'RegFile'.
RegFile ALU_DW_div_uns_0 ALU_DW01_sub_0 ALU_DW01_add_0 ALU_DW02_mult_0 ALU ClkDiv CLK_GATE System_Top
read_file -format $file_format ALU.v
Loading verilog file '/home/ICer/Labs/Lab_Syn_3.2/rtl/ALU.v'
Detecting input file type automatically (-rtl or -netlist).
Reading with Presto HDL Compiler (equivalent to -rtl option).
Running PRESTO HDLC
Compiling source file /home/ICer/Labs/Lab_Syn_3.2/rtl/ALU.v

Statistics for case statements in always block at line 34 in file
	'/home/ICer/Labs/Lab_Syn_3.2/rtl/ALU.v'
===============================================
|           Line           |  full/ parallel  |
===============================================
|            40            |    auto/auto     |
===============================================

Inferred memory devices in process
	in routine ALU line 20 in file
		'/home/ICer/Labs/Lab_Syn_3.2/rtl/ALU.v'.
===============================================================================
|    Register Name    |   Type    | Width | Bus | MB | AR | AS | SR | SS | ST |
===============================================================================
|     ALU_OUT_reg     | Flip-flop |   8   |  Y  | N  | Y  | N  | N  | N  | N  |
|    OUT_VALID_reg    | Flip-flop |   1   |  N  | N  | Y  | N  | N  | N  | N  |
===============================================================================
Presto compilation completed successfully.
Warning: Design 'ALU' was renamed to 'ALU_1' to avoid
	a conflict with another design that has the same name but
different parameters. (LINK-17)
Current design is now '/home/ICer/Labs/Lab_Syn_3.2/rtl/ALU_1.db:ALU_1'
Loaded 1 design.
Current design is 'ALU_1'.
ALU_1
read_file -format $file_format ClkDiv.v
Loading verilog file '/home/ICer/Labs/Lab_Syn_3.2/rtl/ClkDiv.v'
Detecting input file type automatically (-rtl or -netlist).
Reading with Presto HDL Compiler (equivalent to -rtl option).
Running PRESTO HDLC
Compiling source file /home/ICer/Labs/Lab_Syn_3.2/rtl/ClkDiv.v

Inferred memory devices in process
	in routine ClkDiv line 12 in file
		'/home/ICer/Labs/Lab_Syn_3.2/rtl/ClkDiv.v'.
===============================================================================
|    Register Name    |   Type    | Width | Bus | MB | AR | AS | SR | SS | ST |
===============================================================================
|  i_clk_en_reg_reg   | Flip-flop |   1   |  N  | N  | Y  | N  | N  | N  | N  |
===============================================================================

Inferred memory devices in process
	in routine ClkDiv line 24 in file
		'/home/ICer/Labs/Lab_Syn_3.2/rtl/ClkDiv.v'.
===============================================================================
|    Register Name    |   Type    | Width | Bus | MB | AR | AS | SR | SS | ST |
===============================================================================
|     div_clk_reg     | Flip-flop |   1   |  N  | N  | Y  | N  | N  | N  | N  |
===============================================================================
Presto compilation completed successfully.
Warning: Design 'ClkDiv' was renamed to 'ClkDiv_1' to avoid
	a conflict with another design that has the same name but
different parameters. (LINK-17)
Current design is now '/home/ICer/Labs/Lab_Syn_3.2/rtl/ClkDiv_1.db:ClkDiv_1'
Loaded 1 design.
Current design is 'ClkDiv_1'.
ClkDiv_1
read_file -format $file_format CLK_GATE.v
Loading verilog file '/home/ICer/Labs/Lab_Syn_3.2/rtl/CLK_GATE.v'
Detecting input file type automatically (-rtl or -netlist).
Running DC verilog reader
Performing 'read' command.
Compiling source file /home/ICer/Labs/Lab_Syn_3.2/rtl/CLK_GATE.v
Reading with netlist reader (equivalent to -netlist option).
Verilog netlist reader completed successfully.
Current design is now '/home/ICer/Labs/Lab_Syn_3.2/rtl/CLK_GATE.db:CLK_GATE'
Loaded 1 design.
Current design is 'CLK_GATE'.
CLK_GATE
read_file -format $file_format RegFile.v
Loading verilog file '/home/ICer/Labs/Lab_Syn_3.2/rtl/RegFile.v'
Detecting input file type automatically (-rtl or -netlist).
Reading with Presto HDL Compiler (equivalent to -rtl option).
Running PRESTO HDLC
Compiling source file /home/ICer/Labs/Lab_Syn_3.2/rtl/RegFile.v

Inferred memory devices in process
	in routine RegFile line 22 in file
		'/home/ICer/Labs/Lab_Syn_3.2/rtl/RegFile.v'.
===============================================================================
|    Register Name    |   Type    | Width | Bus | MB | AR | AS | SR | SS | ST |
===============================================================================
|     RdData_reg      | Flip-flop |   8   |  Y  | N  | N  | N  | N  | N  | N  |
|     regArr_reg      | Flip-flop |  61   |  Y  | N  | Y  | N  | N  | N  | N  |
|     regArr_reg      | Flip-flop |   3   |  Y  | N  | N  | Y  | N  | N  | N  |
===============================================================================
Statistics for MUX_OPs
======================================================
| block name/line  | Inputs | Outputs | # sel inputs |
======================================================
|    RegFile/44    |   8    |    8    |      3       |
======================================================
Presto compilation completed successfully.
Warning: Design 'RegFile' was renamed to 'RegFile_1' to avoid
	a conflict with another design that has the same name but
different parameters. (LINK-17)
Current design is now '/home/ICer/Labs/Lab_Syn_3.2/rtl/RegFile_1.db:RegFile_1'
Loaded 1 design.
Current design is 'RegFile_1'.
RegFile_1
###################### Defining toplevel ###################################
current_design $top_module
Current design is 'System_Top'.
{System_Top}
#################### Liniking All The Design Parts #########################
puts "###############################################"
###############################################
puts "######## Liniking All The Design Parts ########"
######## Liniking All The Design Parts ########
puts "###############################################"
###############################################
link 

  Linking design 'System_Top'
  Using the following designs and libraries:
  --------------------------------------------------------------------------
  * (13 designs)              /home/ICer/Labs/Lab_Syn_3.2/syn/System_Top.db, etc
  scmetro_tsmc_cl013g_rvt_ss_1p08v_125c (library) /home/ICer/Labs/Lab_Syn_3.2/std_cells/scmetro_tsmc_cl013g_rvt_ss_1p08v_125c.db
  scmetro_tsmc_cl013g_rvt_tt_1p2v_25c (library) /home/ICer/Labs/Lab_Syn_3.2/std_cells/scmetro_tsmc_cl013g_rvt_tt_1p2v_25c.db
  scmetro_tsmc_cl013g_rvt_ff_1p32v_m40c (library) /home/ICer/Labs/Lab_Syn_3.2/std_cells/scmetro_tsmc_cl013g_rvt_ff_1p32v_m40c.db

Warning: Design 'CLK_GATE.db:CLK_GATE' comes before design 'CLK_GATE.db:CLK_GATE' in the link_library; 'CLK_GATE.db:CLK_GATE' will be ignored. (UIO-92)
Information: Design 'CLK_GATE' is referenced in design 'System_Top.db:System_Top'. (UIO-93)
1
#################### Liniking All The Design Parts #########################
puts "###############################################"
###############################################
puts "######## checking design consistency ##########"
######## checking design consistency ##########
puts "###############################################"
###############################################
check_design
 
****************************************
check_design summary:
Version:     O-2018.06-SP1
Date:        Thu Aug 20 20:37:06 2026
****************************************

                   Name                                            Total
--------------------------------------------------------------------------------
Inputs/Outputs                                                     22
    Unconnected ports (LINT-28)                                    22

Cells                                                               3
    Connected to power or ground (LINT-32)                          3

Nets                                                                8
    Unloaded nets (LINT-2)                                          8
--------------------------------------------------------------------------------

Warning: In design 'System_Top', net 'U0_ALU/SYNOPSYS_UNCONNECTED__7' driven by pin 'U0_ALU/mult_48/PRODUCT[8]' has no loads. (LINT-2)
Warning: In design 'System_Top', net 'U0_ALU/SYNOPSYS_UNCONNECTED__6' driven by pin 'U0_ALU/mult_48/PRODUCT[9]' has no loads. (LINT-2)
Warning: In design 'System_Top', net 'U0_ALU/SYNOPSYS_UNCONNECTED__5' driven by pin 'U0_ALU/mult_48/PRODUCT[10]' has no loads. (LINT-2)
Warning: In design 'System_Top', net 'U0_ALU/SYNOPSYS_UNCONNECTED__4' driven by pin 'U0_ALU/mult_48/PRODUCT[11]' has no loads. (LINT-2)
Warning: In design 'System_Top', net 'U0_ALU/SYNOPSYS_UNCONNECTED__3' driven by pin 'U0_ALU/mult_48/PRODUCT[12]' has no loads. (LINT-2)
Warning: In design 'System_Top', net 'U0_ALU/SYNOPSYS_UNCONNECTED__2' driven by pin 'U0_ALU/mult_48/PRODUCT[13]' has no loads. (LINT-2)
Warning: In design 'System_Top', net 'U0_ALU/SYNOPSYS_UNCONNECTED__1' driven by pin 'U0_ALU/mult_48/PRODUCT[14]' has no loads. (LINT-2)
Warning: In design 'System_Top', net 'U0_ALU/SYNOPSYS_UNCONNECTED__0' driven by pin 'U0_ALU/mult_48/PRODUCT[15]' has no loads. (LINT-2)
Warning: In design 'ALU_DW_div_uns_0', port 'remainder[7]' is not connected to any nets. (LINT-28)
Warning: In design 'ALU_DW_div_uns_0', port 'remainder[6]' is not connected to any nets. (LINT-28)
Warning: In design 'ALU_DW_div_uns_0', port 'remainder[5]' is not connected to any nets. (LINT-28)
Warning: In design 'ALU_DW_div_uns_0', port 'remainder[4]' is not connected to any nets. (LINT-28)
Warning: In design 'ALU_DW_div_uns_0', port 'remainder[3]' is not connected to any nets. (LINT-28)
Warning: In design 'ALU_DW_div_uns_0', port 'remainder[2]' is not connected to any nets. (LINT-28)
Warning: In design 'ALU_DW_div_uns_0', port 'remainder[1]' is not connected to any nets. (LINT-28)
Warning: In design 'ALU_DW_div_uns_0', port 'remainder[0]' is not connected to any nets. (LINT-28)
Warning: In design 'ALU_DW_div_uns_0', port 'divide_by_0' is not connected to any nets. (LINT-28)
Warning: In design 'ALU_DW01_sub_0', port 'CI' is not connected to any nets. (LINT-28)
Warning: In design 'ALU_DW01_sub_0', port 'CO' is not connected to any nets. (LINT-28)
Warning: In design 'ALU_DW01_add_0', port 'CI' is not connected to any nets. (LINT-28)
Warning: In design 'ALU_DW01_add_0', port 'CO' is not connected to any nets. (LINT-28)
Warning: In design 'ALU_DW02_mult_0', port 'TC' is not connected to any nets. (LINT-28)
Warning: In design 'ALU_DW02_mult_0', port 'PRODUCT[15]' is not connected to any nets. (LINT-28)
Warning: In design 'ALU_DW02_mult_0', port 'PRODUCT[14]' is not connected to any nets. (LINT-28)
Warning: In design 'ALU_DW02_mult_0', port 'PRODUCT[13]' is not connected to any nets. (LINT-28)
Warning: In design 'ALU_DW02_mult_0', port 'PRODUCT[12]' is not connected to any nets. (LINT-28)
Warning: In design 'ALU_DW02_mult_0', port 'PRODUCT[11]' is not connected to any nets. (LINT-28)
Warning: In design 'ALU_DW02_mult_0', port 'PRODUCT[10]' is not connected to any nets. (LINT-28)
Warning: In design 'ALU_DW02_mult_0', port 'PRODUCT[9]' is not connected to any nets. (LINT-28)
Warning: In design 'ALU_DW02_mult_0', port 'PRODUCT[8]' is not connected to any nets. (LINT-28)
Warning: In design 'ALU', a pin on submodule 'sub_45' is connected to logic 1 or logic 0. (LINT-32)
   Pin 'CI' is connected to logic 0. 
Warning: In design 'ALU', a pin on submodule 'add_42' is connected to logic 1 or logic 0. (LINT-32)
   Pin 'CI' is connected to logic 0. 
Warning: In design 'ALU', a pin on submodule 'mult_48' is connected to logic 1 or logic 0. (LINT-32)
   Pin 'TC' is connected to logic 0. 
1
############################### Path groups ################################
puts "###############################################"
###############################################
puts "################ Path groups ##################"
################ Path groups ##################
puts "###############################################"
###############################################
group_path -name INREG -from [all_inputs]
1
group_path -name REGOUT -to [all_outputs]
1
group_path -name INOUT -from [all_inputs] -to [all_outputs]
1
#################### Define Design Constraints #########################
puts "###############################################"
###############################################
puts "############ Design Constraints #### ##########"
############ Design Constraints #### ##########
puts "###############################################"
###############################################
# Constraints
# ----------------------------------------------------------------------------
#
# 1. Master Clock Definitions
#
# 2. Generated Clock Definitions
#
# 3. Clock Uncertainties
#
# 4. Clock Latencies 
#
# 5. Clock Relationships
#
# 6. set input/output delay on ports
#
# 7. Driving cells
#
# 8. Output load
####################################################################################
#########################################################
#### Section 1 : Clock Definition ####
#########################################################
#################################################################################### 
# 1. Master Clock Definitions 
# 2. Generated Clock Definitions
# 3. Clock Latencies
# 4. Clock Uncertainties
# 4. Clock Transitions
####################################################################################
set CLK_NAME MASTER_CLK
MASTER_CLK
set CLK_PER 50
50
set CLK_SETUP_SKEW 0.2
0.2
set CLK_HOLD_SKEW 0.1
0.1
set CLK_LAT 0
0
set CLK_RISE 0.05
0.05
set CLK_FALL 0.05
0.05
set REG_CLK_PER [expr $CLK_PER * 2]
100
create_clock -name $CLK_NAME -period $CLK_PER -waveform "0 [expr $CLK_PER/2]" [get_ports CLK]
1
set_clock_uncertainty -setup $CLK_SETUP_SKEW [get_clocks $CLK_NAME]
1
set_clock_uncertainty -hold $CLK_HOLD_SKEW  [get_clocks $CLK_NAME]
1
set_clock_transition -rise $CLK_RISE  [get_clocks $CLK_NAME]
1
set_clock_transition -fall $CLK_FALL  [get_clocks $CLK_NAME]
1
set_clock_latency $CLK_LAT [get_clocks $CLK_NAME]
1
create_generated_clock -master_clock $CLK_NAME -source [get_ports CLK]                        -name "ALU_CLK" [get_port U0_CLK_GATE/GATED_CLK]                        -divide_by 1
1
set_clock_uncertainty -setup $CLK_SETUP_SKEW [get_clocks ALU_CLK]
1
set_clock_uncertainty -hold $CLK_HOLD_SKEW  [get_clocks ALU_CLK]
1
create_generated_clock -master_clock $CLK_NAME -source [get_ports CLK]                        -name "REG_CLK" [get_port U0_ClkDiv/o_div_clk]                        -divide_by 2
1
set_clock_uncertainty -setup $CLK_SETUP_SKEW [get_clocks REG_CLK]
1
set_clock_uncertainty -hold $CLK_HOLD_SKEW  [get_clocks REG_CLK]
1
set_dont_touch_network [get_clocks {MASTER_CLK ALU_CLK REG_CLK}]
1
set_dont_touch_network [get_ports RST]
1
####################################################################################
#########################################################
#### Section 3 : set input/output delay on ports ####
set in1_delay  [expr 0.2*$CLK_PER]
10.0
set out1_delay [expr 0.2*$CLK_PER]
10.0
set in2_delay  [expr 0.2*$REG_CLK_PER]
20.0
set out2_delay [expr 0.2*$REG_CLK_PER]
20.0
#Constrain Input Paths
set_input_delay $in1_delay -clock MASTER_CLK [get_port CLKG_EN]
1
set_input_delay $in2_delay -clock REG_CLK [get_port WrEn]
1
set_input_delay $in2_delay -clock REG_CLK [get_port RdEn]
1
set_input_delay $in2_delay -clock REG_CLK [get_port Address]
1
set_input_delay $in2_delay -clock REG_CLK [get_port WrData]
1
set_input_delay $in1_delay -clock ALU_CLK [get_port ALU_FUN]
1
set_input_delay $in1_delay -clock ALU_CLK [get_port ALU_Enable]
1
#Constrain Output Paths
set_output_delay $out2_delay -clock REG_CLK [get_port RdData]
1
set_output_delay $out1_delay -clock ALU_CLK [get_port ALU_VLD]
1
set_output_delay $out1_delay -clock ALU_CLK [get_port ALU_OUT]
1
####################################################################################
#########################################################
#### Section 4 : Driving cells ####
#########################################################
####################################################################################
set_driving_cell -library scmetro_tsmc_cl013g_rvt_ss_1p08v_125c -lib_cell BUFX2M -pin Y [get_port CLKG_EN]
Warning: Design rule attributes from the driving cell will be
	set on the port. (UID-401)
1
set_driving_cell -library scmetro_tsmc_cl013g_rvt_ss_1p08v_125c -lib_cell BUFX2M -pin Y [get_port WrEn]
Warning: Design rule attributes from the driving cell will be
	set on the port. (UID-401)
1
set_driving_cell -library scmetro_tsmc_cl013g_rvt_ss_1p08v_125c -lib_cell BUFX2M -pin Y [get_port RdEn]
Warning: Design rule attributes from the driving cell will be
	set on the port. (UID-401)
1
set_driving_cell -library scmetro_tsmc_cl013g_rvt_ss_1p08v_125c -lib_cell BUFX2M -pin Y [get_port Address]
Warning: Design rule attributes from the driving cell will be
	set on the port. (UID-401)
Warning: Design rule attributes from the driving cell will be
	set on the port. (UID-401)
Warning: Design rule attributes from the driving cell will be
	set on the port. (UID-401)
Warning: Design rule attributes from the driving cell will be
	set on the port. (UID-401)
1
set_driving_cell -library scmetro_tsmc_cl013g_rvt_ss_1p08v_125c -lib_cell BUFX2M -pin Y [get_port WrData]
Warning: Design rule attributes from the driving cell will be
	set on the port. (UID-401)
Warning: Design rule attributes from the driving cell will be
	set on the port. (UID-401)
Warning: Design rule attributes from the driving cell will be
	set on the port. (UID-401)
Warning: Design rule attributes from the driving cell will be
	set on the port. (UID-401)
Warning: Design rule attributes from the driving cell will be
	set on the port. (UID-401)
Warning: Design rule attributes from the driving cell will be
	set on the port. (UID-401)
Warning: Design rule attributes from the driving cell will be
	set on the port. (UID-401)
Warning: Design rule attributes from the driving cell will be
	set on the port. (UID-401)
1
set_driving_cell -library scmetro_tsmc_cl013g_rvt_ss_1p08v_125c -lib_cell BUFX2M -pin Y [get_port ALU_FUN]
Warning: Design rule attributes from the driving cell will be
	set on the port. (UID-401)
Warning: Design rule attributes from the driving cell will be
	set on the port. (UID-401)
Warning: Design rule attributes from the driving cell will be
	set on the port. (UID-401)
Warning: Design rule attributes from the driving cell will be
	set on the port. (UID-401)
1
set_driving_cell -library scmetro_tsmc_cl013g_rvt_ss_1p08v_125c -lib_cell BUFX2M -pin Y [get_port ALU_Enable]
Warning: Design rule attributes from the driving cell will be
	set on the port. (UID-401)
1
#set_driving_cell -library scmetro_tsmc_cl013g_rvt_ss_1p08v_125c -lib_cell BUFX2M -pin Y [get_ports {CLKG_EN CLKDIV_EN WrEn RdEn Address WrData ALU_FUN ALU_Enable}]
####################################################################################
#########################################################
#### Section 5 : Output load ####
#########################################################
####################################################################################
set_load 0.5 [get_port RdData]
1
set_load 0.5 [get_port ALU_VLD]
1
set_load 0.5 [get_port ALU_OUT]
1
####################################################################################
#########################################################
#### Section 6 : Operating Condition ####
#########################################################
####################################################################################
# Define the Worst Library for Max(#setup) analysis
# Define the Best Library for Min(hold) analysis
set_operating_conditions -min_library "scmetro_tsmc_cl013g_rvt_ff_1p32v_m40c"                          -min "scmetro_tsmc_cl013g_rvt_ff_1p32v_m40c" 			 -max_library "scmetro_tsmc_cl013g_rvt_ss_1p08v_125c" 			 -max "scmetro_tsmc_cl013g_rvt_ss_1p08v_125c"
Using operating conditions 'scmetro_tsmc_cl013g_rvt_ss_1p08v_125c' found in library 'scmetro_tsmc_cl013g_rvt_ss_1p08v_125c'.
Using operating conditions 'scmetro_tsmc_cl013g_rvt_ff_1p32v_m40c' found in library 'scmetro_tsmc_cl013g_rvt_ff_1p32v_m40c'.
1
####################################################################################
#########################################################
#### Section 7 : wireload Model ####
#########################################################
####################################################################################
####################################################################################
#########################################################
#### Section 8 : multicycle path ####
#########################################################
####################################################################################
set_multicycle_path -setup 2 -from [get_clock REG_CLK] -to [get_clock ALU_CLK]
1
set_multicycle_path -hold 1 -from [get_clock REG_CLK] -to [get_clock ALU_CLK] -end
1
set_multicycle_path -setup 2 -from [get_clock REG_CLK] -to [get_clock MASTER_CLK]
1
set_multicycle_path -hold 1 -from [get_clock REG_CLK] -to [get_clock MASTER_CLK] -end
1
####################################################################################
#########################################################
#### Section 9 : Premapped Cells ####
#########################################################
####################################################################################
set_dont_touch [get_designs CLK_GATE]
1
###################### Mapping and optimization ########################
puts "###############################################"
###############################################
puts "########## Mapping & Optimization #############"
########## Mapping & Optimization #############
puts "###############################################"
###############################################
compile -map_effort high 
Information: Evaluating DesignWare library utilization. (UISN-27)

============================================================================
| DesignWare Building Block Library  |         Version         | Available |
============================================================================
| Basic DW Building Blocks           | O-2018.06-DWBB_201806.1 |     *     |
| Licensed DW Building Blocks        |                         |           |
============================================================================


Information: There are 33 potential problems in your design. Please run 'check_design' for more information. (LINT-99)


Warning: Operating condition scmetro_tsmc_cl013g_rvt_ss_1p08v_125c set on design System_Top has different process,
voltage and temperatures parameters than the parameters at which target library 
scmetro_tsmc_cl013g_rvt_tt_1p2v_25c is characterized. Delays may be inaccurate as a result. (OPT-998)

  Beginning Pass 1 Mapping
  ------------------------
  Processing 'ClkDiv'
  Processing 'ALU_DW02_mult_0'
  Processing 'ALU_DW01_add_0'
  Processing 'ALU_DW01_sub_0'
  Processing 'ALU_DW_div_uns_0'
  Processing 'ALU'
  Processing 'RegFile'
  Processing 'System_Top'
Warning: Design 'CLK_GATE.db:CLK_GATE' comes before design 'CLK_GATE.db:CLK_GATE' in the link_library; 'CLK_GATE.db:CLK_GATE' will be ignored. (UIO-92)
Information: Design 'CLK_GATE' is referenced in design 'System_Top.db:System_Top'. (UIO-93)

  Updating timing information
Information: Updating design information... (UID-85)

  Beginning Mapping Optimizations  (High effort)
  -------------------------------
Loading db file '/home/ICer/Labs/Lab_Syn_3.2/std_cells/scmetro_tsmc_cl013g_rvt_tt_1p2v_25c.db'
Loading db file '/home/ICer/Labs/Lab_Syn_3.2/std_cells/scmetro_tsmc_cl013g_rvt_ff_1p32v_m40c.db'

                                  TOTAL                                      
   ELAPSED            WORST NEG   SETUP    DESIGN                            
    TIME      AREA      SLACK     COST    RULE COST         ENDPOINT         
  --------- --------- --------- --------- --------- -------------------------
    0:00:05   16132.6      0.00       0.0       0.5                          
    0:00:05   16132.6      0.00       0.0       0.5                          
    0:00:05   16132.6      0.00       0.0       0.5                          
    0:00:05   16132.6      0.00       0.0       0.5                          
    0:00:05   16132.6      0.00       0.0       0.5                          
    0:00:05    7037.8      0.00       0.0       0.0                          
    0:00:05    7033.1      0.00       0.0       0.0                          
    0:00:05    7033.1      0.00       0.0       0.0                          
    0:00:05    7033.1      0.00       0.0       0.0                          
    0:00:05    7020.2      0.00       0.0       0.0                          
    0:00:05    7020.2      0.00       0.0       0.0                          
    0:00:05    7020.2      0.00       0.0       0.0                          
    0:00:05    7020.2      0.00       0.0       0.0                          
    0:00:05    7020.2      0.00       0.0       0.0                          



  Beginning Delay Optimization Phase
  ----------------------------------

                                  TOTAL                                      
   ELAPSED            WORST NEG   SETUP    DESIGN                            
    TIME      AREA      SLACK     COST    RULE COST         ENDPOINT         
  --------- --------- --------- --------- --------- -------------------------
    0:00:05    7020.2      0.00       0.0       0.0                          
    0:00:05    7020.2      0.00       0.0       0.0                          
    0:00:06    6704.8      0.00       0.0      59.8                          


  Beginning Design Rule Fixing  (max_transition)  (max_capacitance)
  ----------------------------

                                  TOTAL                                      
   ELAPSED            WORST NEG   SETUP    DESIGN                            
    TIME      AREA      SLACK     COST    RULE COST         ENDPOINT         
  --------- --------- --------- --------- --------- -------------------------
    0:00:06    6704.8      0.00       0.0      59.8                          
    0:00:06    6836.6      0.00       0.0       0.0                          


  Beginning Area-Recovery Phase  (cleanup)
  -----------------------------

                                  TOTAL                                      
   ELAPSED            WORST NEG   SETUP    DESIGN                            
    TIME      AREA      SLACK     COST    RULE COST         ENDPOINT         
  --------- --------- --------- --------- --------- -------------------------
    0:00:06    6836.6      0.00       0.0       0.0                          
    0:00:06    6836.6      0.00       0.0       0.0                          
    0:00:06    6822.5      0.00       0.0       0.0                          
    0:00:06    6813.1      0.00       0.0       0.0                          
    0:00:06    6808.4      0.00       0.0       0.0                          
    0:00:06    6808.4      0.00       0.0       0.0                          
    0:00:06    6808.4      0.00       0.0       0.0                          
    0:00:06    6808.4      0.00       0.0       0.0                          
    0:00:06    6808.4      0.00       0.0       0.0                          
    0:00:06    6808.4      0.00       0.0       0.0                          
    0:00:06    6808.4      0.00       0.0       0.0                          
    0:00:06    6808.4      0.00       0.0       0.0                          
    0:00:06    6808.4      0.00       0.0       0.0                          
    0:00:06    6808.4      0.00       0.0       0.0                          
Loading db file '/home/ICer/Labs/Lab_Syn_3.2/std_cells/scmetro_tsmc_cl013g_rvt_ss_1p08v_125c.db'


Note: Symbol # after min delay cost means estimated hold TNS across all active scenarios 


  Optimization Complete
  ---------------------
1
#############################################################################
# Write out Design after initial compile
#############################################################################
write_file -format verilog -hierarchy -output System_Top.v
Writing verilog file '/home/ICer/Labs/Lab_Syn_3.2/syn/System_Top.v'.
Warning: Verilog writer has added 8 nets to module ALU using SYNOPSYS_UNCONNECTED_ as prefix.  Please use the change_names command to make the correct changes before invoking the verilog writer.  (VO-11)
1
write_file -format ddc -hierarchy -output System_Top.ddc
Writing ddc file 'System_Top.ddc'.
1
write_sdc  -nosplit System_Top.sdc
1
write_sdf           System_Top.sdf
Information: Annotated 'cell' delays are assumed to include load delay. (UID-282)
Information: Writing timing information to file '/home/ICer/Labs/Lab_Syn_3.2/syn/System_Top.sdf'. (WT-3)
Information: Updating design information... (UID-85)
1
################# reporting #######################
report_area -hierarchy > area.rpt
report_power -hierarchy > power.rpt
report_timing -max_paths 100 -delay_type min > hold.rpt
report_timing -max_paths 100 -delay_type max > setup.rpt
report_clock -attributes > clocks.rpt
report_constraint -all_violators > constraints.rpt
################# starting graphical user interface #######################
#gui_start
exit

Memory usage for main task 272 Mbytes.
Memory usage for this session 272 Mbytes.
CPU usage for this session 8 seconds ( 0.00 hours ).

Thank you...
