 
****************************************
Report : constraint
        -all_violators
Design : ALU_TOP
Version: K-2015.06
Date   : Fri Aug 12 04:01:16 2022
****************************************


   max_transition

                             Required        Actual
   Net                      Transition     Transition        Slack
   -----------------------------------------------------------------
   Shift_OUT[7]                 1.50          37.44         -35.94  (VIOLATED)
       PIN :   U50/Y            1.50          37.44         -35.94  (VIOLATED)
   Arith_Flag                   1.50          37.43         -35.93  (VIOLATED)
       PIN :   U70/Y            1.50          37.43         -35.93  (VIOLATED)
   Arith_OUT[0]                 1.50          37.43         -35.93  (VIOLATED)
       PIN :   U74/Y            1.50          37.43         -35.93  (VIOLATED)
   Arith_OUT[1]                 1.50          37.43         -35.93  (VIOLATED)
       PIN :   U76/Y            1.50          37.43         -35.93  (VIOLATED)
   Arith_OUT[2]                 1.50          37.43         -35.93  (VIOLATED)
       PIN :   U78/Y            1.50          37.43         -35.93  (VIOLATED)
   Arith_OUT[3]                 1.50          37.43         -35.93  (VIOLATED)
       PIN :   U80/Y            1.50          37.43         -35.93  (VIOLATED)
   Arith_OUT[4]                 1.50          37.43         -35.93  (VIOLATED)
       PIN :   U82/Y            1.50          37.43         -35.93  (VIOLATED)
   Arith_OUT[5]                 1.50          37.43         -35.93  (VIOLATED)
       PIN :   U84/Y            1.50          37.43         -35.93  (VIOLATED)
   Arith_OUT[6]                 1.50          37.43         -35.93  (VIOLATED)
       PIN :   U86/Y            1.50          37.43         -35.93  (VIOLATED)
   Arith_OUT[7]                 1.50          37.43         -35.93  (VIOLATED)
       PIN :   U88/Y            1.50          37.43         -35.93  (VIOLATED)
   Arith_OUT[8]                 1.50          37.43         -35.93  (VIOLATED)
       PIN :   U90/Y            1.50          37.43         -35.93  (VIOLATED)
   Arith_OUT[9]                 1.50          37.43         -35.93  (VIOLATED)
       PIN :   U92/Y            1.50          37.43         -35.93  (VIOLATED)
   Arith_OUT[10]                1.50          37.43         -35.93  (VIOLATED)
       PIN :   U94/Y            1.50          37.43         -35.93  (VIOLATED)
   Arith_OUT[11]                1.50          37.43         -35.93  (VIOLATED)
       PIN :   U96/Y            1.50          37.43         -35.93  (VIOLATED)
   Arith_OUT[12]                1.50          37.43         -35.93  (VIOLATED)
       PIN :   U98/Y            1.50          37.43         -35.93  (VIOLATED)
   Arith_OUT[13]                1.50          37.43         -35.93  (VIOLATED)
       PIN :   U100/Y           1.50          37.43         -35.93  (VIOLATED)
   Arith_OUT[14]                1.50          37.43         -35.93  (VIOLATED)
       PIN :   U102/Y           1.50          37.43         -35.93  (VIOLATED)
   Arith_OUT[15]                1.50          37.43         -35.93  (VIOLATED)
       PIN :   U104/Y           1.50          37.43         -35.93  (VIOLATED)
   CMP_Flag                     1.50          37.43         -35.93  (VIOLATED)
       PIN :   U28/Y            1.50          37.43         -35.93  (VIOLATED)
   CMP_OUT[0]                   1.50          37.43         -35.93  (VIOLATED)
       PIN :   U30/Y            1.50          37.43         -35.93  (VIOLATED)
   CMP_OUT[1]                   1.50          37.43         -35.93  (VIOLATED)
       PIN :   U32/Y            1.50          37.43         -35.93  (VIOLATED)
   Carry_OUT                    1.50          37.43         -35.93  (VIOLATED)
       PIN :   U72/Y            1.50          37.43         -35.93  (VIOLATED)
   Logic_Flag                   1.50          37.43         -35.93  (VIOLATED)
       PIN :   U52/Y            1.50          37.43         -35.93  (VIOLATED)
   Logic_OUT[0]                 1.50          37.43         -35.93  (VIOLATED)
       PIN :   U54/Y            1.50          37.43         -35.93  (VIOLATED)
   Logic_OUT[1]                 1.50          37.43         -35.93  (VIOLATED)
       PIN :   U56/Y            1.50          37.43         -35.93  (VIOLATED)
   Logic_OUT[2]                 1.50          37.43         -35.93  (VIOLATED)
       PIN :   U58/Y            1.50          37.43         -35.93  (VIOLATED)
   Logic_OUT[3]                 1.50          37.43         -35.93  (VIOLATED)
       PIN :   U60/Y            1.50          37.43         -35.93  (VIOLATED)
   Logic_OUT[4]                 1.50          37.43         -35.93  (VIOLATED)
       PIN :   U62/Y            1.50          37.43         -35.93  (VIOLATED)
   Logic_OUT[5]                 1.50          37.43         -35.93  (VIOLATED)
       PIN :   U64/Y            1.50          37.43         -35.93  (VIOLATED)
   Logic_OUT[6]                 1.50          37.43         -35.93  (VIOLATED)
       PIN :   U66/Y            1.50          37.43         -35.93  (VIOLATED)
   Logic_OUT[7]                 1.50          37.43         -35.93  (VIOLATED)
       PIN :   U68/Y            1.50          37.43         -35.93  (VIOLATED)
   Shift_Flag                   1.50          37.43         -35.93  (VIOLATED)
       PIN :   U34/Y            1.50          37.43         -35.93  (VIOLATED)
   Shift_OUT[0]                 1.50          37.43         -35.93  (VIOLATED)
       PIN :   U36/Y            1.50          37.43         -35.93  (VIOLATED)
   Shift_OUT[1]                 1.50          37.43         -35.93  (VIOLATED)
       PIN :   U38/Y            1.50          37.43         -35.93  (VIOLATED)
   Shift_OUT[2]                 1.50          37.43         -35.93  (VIOLATED)
       PIN :   U40/Y            1.50          37.43         -35.93  (VIOLATED)
   Shift_OUT[3]                 1.50          37.43         -35.93  (VIOLATED)
       PIN :   U42/Y            1.50          37.43         -35.93  (VIOLATED)
   Shift_OUT[4]                 1.50          37.43         -35.93  (VIOLATED)
       PIN :   U44/Y            1.50          37.43         -35.93  (VIOLATED)
   Shift_OUT[5]                 1.50          37.43         -35.93  (VIOLATED)
       PIN :   U46/Y            1.50          37.43         -35.93  (VIOLATED)
   Shift_OUT[6]                 1.50          37.43         -35.93  (VIOLATED)
       PIN :   U48/Y            1.50          37.43         -35.93  (VIOLATED)

   -----------------------------------------------------------------
   Total                      39              -1401.44  

   max_capacitance

                             Required        Actual
   Net                      Capacitance    Capacitance       Slack
   -----------------------------------------------------------------
   Arith_Flag                   3.69          75.03         -71.34  (VIOLATED)
   Arith_OUT[0]                 3.69          75.03         -71.34  (VIOLATED)
   Arith_OUT[1]                 3.69          75.03         -71.34  (VIOLATED)
   Arith_OUT[2]                 3.69          75.03         -71.34  (VIOLATED)
   Arith_OUT[3]                 3.69          75.03         -71.34  (VIOLATED)
   Arith_OUT[4]                 3.69          75.03         -71.34  (VIOLATED)
   Arith_OUT[5]                 3.69          75.03         -71.34  (VIOLATED)
   Arith_OUT[6]                 3.69          75.03         -71.34  (VIOLATED)
   Arith_OUT[7]                 3.69          75.03         -71.34  (VIOLATED)
   Arith_OUT[8]                 3.69          75.03         -71.34  (VIOLATED)
   Arith_OUT[9]                 3.69          75.03         -71.34  (VIOLATED)
   Arith_OUT[10]                3.69          75.03         -71.34  (VIOLATED)
   Arith_OUT[11]                3.69          75.03         -71.34  (VIOLATED)
   Arith_OUT[12]                3.69          75.03         -71.34  (VIOLATED)
   Arith_OUT[13]                3.69          75.03         -71.34  (VIOLATED)
   Arith_OUT[14]                3.69          75.03         -71.34  (VIOLATED)
   Arith_OUT[15]                3.69          75.03         -71.34  (VIOLATED)
   CMP_Flag                     3.69          75.03         -71.34  (VIOLATED)
   CMP_OUT[0]                   3.69          75.03         -71.34  (VIOLATED)
   CMP_OUT[1]                   3.69          75.03         -71.34  (VIOLATED)
   CMP_OUT[2]                   3.69          75.03         -71.34  (VIOLATED)
   Carry_OUT                    3.69          75.03         -71.34  (VIOLATED)
   Logic_Flag                   3.69          75.03         -71.34  (VIOLATED)
   Logic_OUT[0]                 3.69          75.03         -71.34  (VIOLATED)
   Logic_OUT[1]                 3.69          75.03         -71.34  (VIOLATED)
   Logic_OUT[2]                 3.69          75.03         -71.34  (VIOLATED)
   Logic_OUT[3]                 3.69          75.03         -71.34  (VIOLATED)
   Logic_OUT[4]                 3.69          75.03         -71.34  (VIOLATED)
   Logic_OUT[5]                 3.69          75.03         -71.34  (VIOLATED)
   Logic_OUT[6]                 3.69          75.03         -71.34  (VIOLATED)
   Logic_OUT[7]                 3.69          75.03         -71.34  (VIOLATED)
   Shift_Flag                   3.69          75.03         -71.34  (VIOLATED)
   Shift_OUT[0]                 3.69          75.03         -71.34  (VIOLATED)
   Shift_OUT[1]                 3.69          75.03         -71.34  (VIOLATED)
   Shift_OUT[2]                 3.69          75.03         -71.34  (VIOLATED)
   Shift_OUT[3]                 3.69          75.03         -71.34  (VIOLATED)
   Shift_OUT[4]                 3.69          75.03         -71.34  (VIOLATED)
   Shift_OUT[5]                 3.69          75.03         -71.34  (VIOLATED)
   Shift_OUT[6]                 3.69          75.03         -71.34  (VIOLATED)
   Shift_OUT[7]                 3.69          75.03         -71.34  (VIOLATED)

   -----------------------------------------------------------------
   Total                      40              -2853.54  

1
