Information: Propagating switching activity (low effort zero delay simulation). (PWR-6)
Warning: Design has unannotated primary inputs. (PWR-414)
Warning: Design has unannotated sequential cell outputs. (PWR-415)
 
****************************************
Report : power
        -hier
        -analysis_effort low
Design : ALU_TOP
Version: K-2015.06
Date   : Fri Aug 12 04:01:16 2022
****************************************


Library(s) Used:

    scmetro_tsmc_cl013g_rvt_ss_1p08v_125c (File: /home/IC/Labs/Lab_PNR_1/std_cells/libs/scmetro_tsmc_cl013g_rvt_ss_1p08v_125c.db)


Operating Conditions: scmetro_tsmc_cl013g_rvt_ss_1p08v_125c   Library: scmetro_tsmc_cl013g_rvt_ss_1p08v_125c
Wire Load Model Mode: top

Design        Wire Load Model            Library
------------------------------------------------
ALU_TOP                tsmc13_wl30       scmetro_tsmc_cl013g_rvt_ss_1p08v_125c


Global Operating Voltage = 1.08 
Power-specific unit information :
    Voltage Units = 1V
    Capacitance Units = 1.000000pf
    Time Units = 1ns
    Dynamic Power Units = 1mW    (derived from V,C,T units)
    Leakage Power Units = 1pW


--------------------------------------------------------------------------------
                                       Switch   Int      Leak     Total
Hierarchy                              Power    Power    Power    Power    %
--------------------------------------------------------------------------------
ALU_TOP                                   0.571 1.75e-02 6.54e+06    0.595 100.0
  U0_CMP_UNIT (CMP_UNIT_test_1)        1.79e-03 5.87e-04 2.15e+05 2.59e-03   0.4
  U0_SHIFT_UNIT (SHIFT_UNIT_test_1)    1.60e-03 1.14e-03 2.64e+05 3.01e-03   0.5
  U0_LOGIC_UNIT (LOGIC_UNIT_test_1)    1.78e-03 1.20e-03 3.21e+05 3.30e-03   0.6
  U0_ARITHMETIC_UNIT (ARITHMETIC_UNIT_test_1)
                                       2.14e-02 9.93e-03 4.21e+06 3.55e-02   6.0
    mult_59 (ARITHMETIC_UNIT_DW02_mult_0)
                                       1.24e-02 4.00e-03 1.88e+06 1.83e-02   3.1
    add_51 (ARITHMETIC_UNIT_DW01_add_0)
                                       7.01e-04 5.28e-04 2.33e+05 1.46e-03   0.2
    sub_55 (ARITHMETIC_UNIT_DW01_sub_0)
                                       9.09e-04 5.46e-04 2.56e+05 1.71e-03   0.3
    div_63 (ARITHMETIC_UNIT_DW_div_uns_0)
                                       5.54e-03 2.67e-03 1.39e+06 9.60e-03   1.6
  U0 (Decoder)                         3.56e-04 3.53e-05 2.90e+04 4.21e-04   0.1
  U0_rst_mux (mux2X1_0)                2.94e-05 1.45e-05 1.26e+04 5.66e-05   0.0
  U0_clk_mux (mux2X1_1)                7.90e-03 2.72e-04 1.99e+04 8.19e-03   1.4
1
