                                        
                           Design Compiler Graphical 
                                 DC Ultra (TM)
                                  DFTMAX (TM)
                              Power Compiler (TM)
                                 DesignWare (R)
                                 DC Expert (TM)
                               Design Vision (TM)
                               HDL Compiler (TM)
                               VHDL Compiler (TM)
                                  DFT Compiler
                               Design Compiler(R)
                                        
                 Version K-2015.06 for linux64 - May 28, 2015 
                                        
                    Copyright (c) 1988 - 2015 Synopsys, Inc.
   This software and the associated documentation are proprietary to Synopsys,
 Inc. This software may only be used in accordance with the terms and conditions
 of a written license agreement with Synopsys, Inc. All other use, reproduction,
            or distribution of this software is strictly prohibited.
Initializing...
Initializing gui preferences from file  /home/IC/.synopsys_dv_prefs.tcl
##################### Define Working Library Directory ######################
define_design_lib work -path ./work
1
################## Design Compiler Library Files #setup ######################
puts "###########################################"
###########################################
puts "#      #setting Design Libraries           #"
#      #setting Design Libraries           #
puts "###########################################"
###########################################
#Add the path of the libraries to the search_path variable
lappend search_path /home/IC/Labs/Lab_Syn_2.0/std_cells
. /opt/Synopsys/Synplify2015/libraries/syn /opt/Synopsys/Synplify2015/minpower/syn /opt/Synopsys/Synplify2015/dw/syn_ver /opt/Synopsys/Synplify2015/dw/sim_ver /home/IC/Labs/Lab_Syn_2.0/std_cells
lappend search_path /home/IC/Labs/Lab_Syn_2.0/rtl
. /opt/Synopsys/Synplify2015/libraries/syn /opt/Synopsys/Synplify2015/minpower/syn /opt/Synopsys/Synplify2015/dw/syn_ver /opt/Synopsys/Synplify2015/dw/sim_ver /home/IC/Labs/Lab_Syn_2.0/std_cells /home/IC/Labs/Lab_Syn_2.0/rtl
set SSLIB "scmetro_tsmc_cl013g_rvt_ss_1p08v_125c.db"
scmetro_tsmc_cl013g_rvt_ss_1p08v_125c.db
set TTLIB "scmetro_tsmc_cl013g_rvt_tt_1p2v_25c.db"
scmetro_tsmc_cl013g_rvt_tt_1p2v_25c.db
set FFLIB "scmetro_tsmc_cl013g_rvt_ff_1p32v_m40c.db"
scmetro_tsmc_cl013g_rvt_ff_1p32v_m40c.db
## Standard Cell libraries 
set target_library [list $SSLIB $TTLIB $FFLIB]
scmetro_tsmc_cl013g_rvt_ss_1p08v_125c.db scmetro_tsmc_cl013g_rvt_tt_1p2v_25c.db scmetro_tsmc_cl013g_rvt_ff_1p32v_m40c.db
## Standard Cell & Hard Macros libraries 
set link_library [list * $SSLIB $TTLIB $FFLIB]  
* scmetro_tsmc_cl013g_rvt_ss_1p08v_125c.db scmetro_tsmc_cl013g_rvt_tt_1p2v_25c.db scmetro_tsmc_cl013g_rvt_ff_1p32v_m40c.db
######################## Reading RTL Files #################################
puts "###########################################"
###########################################
puts "#             Reading RTL Files           #"
#             Reading RTL Files           #
puts "###########################################"
###########################################
set file_format verilog
verilog
analyze -format $file_format ALU.v
Running PRESTO HDLC
Compiling source file /home/IC/Labs/Lab_Syn_2.0/rtl/ALU.v
Presto compilation completed successfully.
Loading db file '/home/IC/Labs/Lab_Syn_2.0/std_cells/scmetro_tsmc_cl013g_rvt_ss_1p08v_125c.db'
Loading db file '/home/IC/Labs/Lab_Syn_2.0/std_cells/scmetro_tsmc_cl013g_rvt_tt_1p2v_25c.db'
Loading db file '/home/IC/Labs/Lab_Syn_2.0/std_cells/scmetro_tsmc_cl013g_rvt_ff_1p32v_m40c.db'
1
elaborate -lib work ALU
Loading db file '/opt/Synopsys/Synplify2015/libraries/syn/gtech.db'
Loading db file '/opt/Synopsys/Synplify2015/libraries/syn/standard.sldb'
  Loading link library 'scmetro_tsmc_cl013g_rvt_ss_1p08v_125c'
  Loading link library 'scmetro_tsmc_cl013g_rvt_tt_1p2v_25c'
  Loading link library 'scmetro_tsmc_cl013g_rvt_ff_1p32v_m40c'
  Loading link library 'gtech'
Running PRESTO HDLC

Statistics for case statements in always block at line 28 in file
	'/home/IC/Labs/Lab_Syn_2.0/rtl/ALU.v'
===============================================
|           Line           |  full/ parallel  |
===============================================
|            35            |    auto/auto     |
===============================================

Inferred memory devices in process
	in routine ALU line 16 in file
		'/home/IC/Labs/Lab_Syn_2.0/rtl/ALU.v'.
===============================================================================
|    Register Name    |   Type    | Width | Bus | MB | AR | AS | SR | SS | ST |
===============================================================================
|     ALU_OUT_reg     | Flip-flop |  16   |  Y  | N  | Y  | N  | N  | N  | N  |
===============================================================================
Presto compilation completed successfully.
Elaborated 1 design.
Current design is now 'ALU'.
1
#################### Liniking All The Design Parts #########################
puts "###############################################"
###############################################
puts "######## Liniking All The Design Parts ########"
######## Liniking All The Design Parts ########
puts "###############################################"
###############################################
link 

  Linking design 'ALU'
  Using the following designs and libraries:
  --------------------------------------------------------------------------
  ALU                         /home/IC/Labs/Lab_Syn_2.0/syn/ALU.db
  scmetro_tsmc_cl013g_rvt_ss_1p08v_125c (library) /home/IC/Labs/Lab_Syn_2.0/std_cells/scmetro_tsmc_cl013g_rvt_ss_1p08v_125c.db
  scmetro_tsmc_cl013g_rvt_tt_1p2v_25c (library) /home/IC/Labs/Lab_Syn_2.0/std_cells/scmetro_tsmc_cl013g_rvt_tt_1p2v_25c.db
  scmetro_tsmc_cl013g_rvt_ff_1p32v_m40c (library) /home/IC/Labs/Lab_Syn_2.0/std_cells/scmetro_tsmc_cl013g_rvt_ff_1p32v_m40c.db

1
#################### Liniking All The Design Parts #########################
puts "###############################################"
###############################################
puts "######## checking design consistency ##########"
######## checking design consistency ##########
puts "###############################################"
###############################################
check_design
 
****************************************
check_design summary:
Version:     K-2015.06
Date:        Sun Jan 21 20:28:01 2024
****************************************

                   Name                                            Total
--------------------------------------------------------------------------------
Cells                                                               7
    Cells do not drive (LINT-1)                                     7
--------------------------------------------------------------------------------

Warning: In design 'ALU', cell 'B_16' does not drive any nets. (LINT-1)
Warning: In design 'ALU', cell 'B_17' does not drive any nets. (LINT-1)
Warning: In design 'ALU', cell 'B_18' does not drive any nets. (LINT-1)
Warning: In design 'ALU', cell 'B_19' does not drive any nets. (LINT-1)
Warning: In design 'ALU', cell 'B_20' does not drive any nets. (LINT-1)
Warning: In design 'ALU', cell 'B_21' does not drive any nets. (LINT-1)
Warning: In design 'ALU', cell 'B_22' does not drive any nets. (LINT-1)
1
###################### Mapping and optimization ########################
puts "###############################################"
###############################################
puts "########## Mapping & Optimization #############"
########## Mapping & Optimization #############
puts "###############################################"
###############################################
compile
Information: Evaluating DesignWare library utilization. (UISN-27)

============================================================================
| DesignWare Building Block Library  |         Version         | Available |
============================================================================
| Basic DW Building Blocks           | K-2015.06-DWBB_201506.0 |     *     |
| Licensed DW Building Blocks        |                         |           |
============================================================================


Information: There are 7 potential problems in your design. Please run 'check_design' for more information. (LINT-99)


Warning: Operating condition scmetro_tsmc_cl013g_rvt_ss_1p08v_125c set on design ALU has different process,
voltage and temperatures parameters than the parameters at which target library 
scmetro_tsmc_cl013g_rvt_tt_1p2v_25c is characterized. Delays may be inaccurate as a result. (OPT-998)

  Beginning Pass 1 Mapping
  ------------------------
  Processing 'ALU'

  Updating timing information
Information: Updating design information... (UID-85)
Information: Design 'ALU' has no optimization constraints set. (OPT-108)

  Beginning Implementation Selection
  ----------------------------------
  Processing 'ALU_DW01_addsub_0'
  Processing 'ALU_DW01_cmp6_0'
  Processing 'ALU_DW_div_uns_0'
  Processing 'ALU_DW02_mult_0'
  Processing 'ALU_DW01_add_0'

  Beginning Mapping Optimizations  (Medium effort)
  -------------------------------
  Structuring 'ALU'
  Mapping 'ALU'

                                  TOTAL                                      
   ELAPSED            WORST NEG   SETUP    DESIGN                            
    TIME      AREA      SLACK     COST    RULE COST         ENDPOINT         
  --------- --------- --------- --------- --------- -------------------------
    0:00:03   26867.6      0.00       0.0       0.1                          
    0:00:03   26867.6      0.00       0.0       0.1                          
    0:00:03   26867.6      0.00       0.0       0.1                          
    0:00:03   26867.6      0.00       0.0       0.1                          
    0:00:03   26867.6      0.00       0.0       0.1                          
    0:00:04   12807.2      0.00       0.0       0.1                          
    0:00:04   12801.3      0.00       0.0       0.1                          
    0:00:04   12801.3      0.00       0.0       0.0                          
    0:00:04   12801.3      0.00       0.0       0.0                          
    0:00:04   12801.3      0.00       0.0       0.0                          
    0:00:04   12801.3      0.00       0.0       0.0                          
    0:00:04   12801.3      0.00       0.0       0.0                          
    0:00:04   12801.3      0.00       0.0       0.0                          
    0:00:04   12801.3      0.00       0.0       0.0                          
    0:00:04   12801.3      0.00       0.0       0.0                          



  Beginning Delay Optimization Phase
  ----------------------------------

                                  TOTAL                                      
   ELAPSED            WORST NEG   SETUP    DESIGN                            
    TIME      AREA      SLACK     COST    RULE COST         ENDPOINT         
  --------- --------- --------- --------- --------- -------------------------
    0:00:04   12801.3      0.00       0.0       0.0                          
    0:00:04   12801.3      0.00       0.0       0.0                          
    0:00:04   12801.3      0.00       0.0       0.0                          


  Beginning Area-Recovery Phase  (cleanup)
  -----------------------------

                                  TOTAL                                      
   ELAPSED            WORST NEG   SETUP    DESIGN                            
    TIME      AREA      SLACK     COST    RULE COST         ENDPOINT         
  --------- --------- --------- --------- --------- -------------------------
    0:00:04   12801.3      0.00       0.0       0.0                          
    0:00:04   12801.3      0.00       0.0       0.0                          
    0:00:04   12764.8      0.00       0.0       0.0                          
    0:00:04   12761.3      0.00       0.0       0.0                          
    0:00:04   12757.8      0.00       0.0       0.0                          
    0:00:04   12754.3      0.00       0.0       0.0                          
    0:00:04   12750.7      0.00       0.0       0.0                          
    0:00:04   12750.7      0.00       0.0       0.0                          
    0:00:04   12750.7      0.00       0.0       0.0                          
    0:00:04   12750.7      0.00       0.0       0.0                          
    0:00:04   12750.7      0.00       0.0       0.0                          
    0:00:04   12750.7      0.00       0.0       0.0                          
    0:00:04   12750.7      0.00       0.0       0.0                          
    0:00:04   12750.7      0.00       0.0       0.0                          
Loading db file '/home/IC/Labs/Lab_Syn_2.0/std_cells/scmetro_tsmc_cl013g_rvt_ss_1p08v_125c.db'
Loading db file '/home/IC/Labs/Lab_Syn_2.0/std_cells/scmetro_tsmc_cl013g_rvt_tt_1p2v_25c.db'
Loading db file '/home/IC/Labs/Lab_Syn_2.0/std_cells/scmetro_tsmc_cl013g_rvt_ff_1p32v_m40c.db'


Note: Symbol # after min delay cost means estimated hold TNS across all active scenarios 


  Optimization Complete
  ---------------------
1
#############################################################################
# Write out Design after initial compile
#############################################################################
write_file -format verilog -hierarchy -output ALU_mapped.v
Writing verilog file '/home/IC/Labs/Lab_Syn_2.0/syn/ALU_mapped.v'.
Warning: Verilog 'assign' or 'tran' statements are written out. (VO-4)
Warning: Verilog writer has added 16 nets to module ALU using SYNOPSYS_UNCONNECTED_ as prefix.  Please use the change_names command to make the correct changes before invoking the verilog writer.  (VO-11)
1
################# starting graphical user interface #######################
#gui_start
#exit
dc_shell> 
Received Signal 1 from: PID=10140 (UID=501)
